Archive member included to satisfy reference by file (symbol)

C:/ST/STM32CubeIDE_1.16.1/STM32CubeIDE/plugins/com.st.stm32cube.ide.mcu.externaltools.gnu-tools-for-stm32.12.3.rel1.win32_1.0.200.202406191623/tools/bin/../lib/gcc/arm-none-eabi/12.3.1/../../../../arm-none-eabi/lib/thumb/v7e-m+dp/hard\libc_nano.a(libc_a-assert.o)
                              ./Middlewares/Third_Party/OpenAMP/device.o (__assert_func)
C:/ST/STM32CubeIDE_1.16.1/STM32CubeIDE/plugins/com.st.stm32cube.ide.mcu.externaltools.gnu-tools-for-stm32.12.3.rel1.win32_1.0.200.202406191623/tools/bin/../lib/gcc/arm-none-eabi/12.3.1/../../../../arm-none-eabi/lib/thumb/v7e-m+dp/hard\libc_nano.a(libc_a-exit.o)
                              C:/ST/STM32CubeIDE_1.16.1/STM32CubeIDE/plugins/com.st.stm32cube.ide.mcu.externaltools.gnu-tools-for-stm32.12.3.rel1.win32_1.0.200.202406191623/tools/bin/../lib/gcc/arm-none-eabi/12.3.1/../../../../arm-none-eabi/lib/thumb/v7e-m+dp/hard/crt0.o (exit)
C:/ST/STM32CubeIDE_1.16.1/STM32CubeIDE/plugins/com.st.stm32cube.ide.mcu.externaltools.gnu-tools-for-stm32.12.3.rel1.win32_1.0.200.202406191623/tools/bin/../lib/gcc/arm-none-eabi/12.3.1/../../../../arm-none-eabi/lib/thumb/v7e-m+dp/hard\libc_nano.a(libc_a-malloc.o)
                              ./Middlewares/Third_Party/OpenAMP/remoteproc_virtio.o (malloc)
C:/ST/STM32CubeIDE_1.16.1/STM32CubeIDE/plugins/com.st.stm32cube.ide.mcu.externaltools.gnu-tools-for-stm32.12.3.rel1.win32_1.0.200.202406191623/tools/bin/../lib/gcc/arm-none-eabi/12.3.1/../../../../arm-none-eabi/lib/thumb/v7e-m+dp/hard\libc_nano.a(libc_a-mallocr.o)
                              C:/ST/STM32CubeIDE_1.16.1/STM32CubeIDE/plugins/com.st.stm32cube.ide.mcu.externaltools.gnu-tools-for-stm32.12.3.rel1.win32_1.0.200.202406191623/tools/bin/../lib/gcc/arm-none-eabi/12.3.1/../../../../arm-none-eabi/lib/thumb/v7e-m+dp/hard\libc_nano.a(libc_a-malloc.o) (_malloc_r)
C:/ST/STM32CubeIDE_1.16.1/STM32CubeIDE/plugins/com.st.stm32cube.ide.mcu.externaltools.gnu-tools-for-stm32.12.3.rel1.win32_1.0.200.202406191623/tools/bin/../lib/gcc/arm-none-eabi/12.3.1/../../../../arm-none-eabi/lib/thumb/v7e-m+dp/hard\libc_nano.a(libc_a-mlock.o)
                              C:/ST/STM32CubeIDE_1.16.1/STM32CubeIDE/plugins/com.st.stm32cube.ide.mcu.externaltools.gnu-tools-for-stm32.12.3.rel1.win32_1.0.200.202406191623/tools/bin/../lib/gcc/arm-none-eabi/12.3.1/../../../../arm-none-eabi/lib/thumb/v7e-m+dp/hard\libc_nano.a(libc_a-mallocr.o) (__malloc_lock)
C:/ST/STM32CubeIDE_1.16.1/STM32CubeIDE/plugins/com.st.stm32cube.ide.mcu.externaltools.gnu-tools-for-stm32.12.3.rel1.win32_1.0.200.202406191623/tools/bin/../lib/gcc/arm-none-eabi/12.3.1/../../../../arm-none-eabi/lib/thumb/v7e-m+dp/hard\libc_nano.a(libc_a-nano-vfprintf_float.o)
                              (_printf_float)
C:/ST/STM32CubeIDE_1.16.1/STM32CubeIDE/plugins/com.st.stm32cube.ide.mcu.externaltools.gnu-tools-for-stm32.12.3.rel1.win32_1.0.200.202406191623/tools/bin/../lib/gcc/arm-none-eabi/12.3.1/../../../../arm-none-eabi/lib/thumb/v7e-m+dp/hard\libc_nano.a(libc_a-nano-vfprintf_i.o)
                              C:/ST/STM32CubeIDE_1.16.1/STM32CubeIDE/plugins/com.st.stm32cube.ide.mcu.externaltools.gnu-tools-for-stm32.12.3.rel1.win32_1.0.200.202406191623/tools/bin/../lib/gcc/arm-none-eabi/12.3.1/../../../../arm-none-eabi/lib/thumb/v7e-m+dp/hard\libc_nano.a(libc_a-nano-vfprintf_float.o) (_printf_common)
C:/ST/STM32CubeIDE_1.16.1/STM32CubeIDE/plugins/com.st.stm32cube.ide.mcu.externaltools.gnu-tools-for-stm32.12.3.rel1.win32_1.0.200.202406191623/tools/bin/../lib/gcc/arm-none-eabi/12.3.1/../../../../arm-none-eabi/lib/thumb/v7e-m+dp/hard\libc_nano.a(libc_a-nano-vfscanf_float.o)
                              (_scanf_float)
C:/ST/STM32CubeIDE_1.16.1/STM32CubeIDE/plugins/com.st.stm32cube.ide.mcu.externaltools.gnu-tools-for-stm32.12.3.rel1.win32_1.0.200.202406191623/tools/bin/../lib/gcc/arm-none-eabi/12.3.1/../../../../arm-none-eabi/lib/thumb/v7e-m+dp/hard\libc_nano.a(libc_a-findfp.o)
                              C:/ST/STM32CubeIDE_1.16.1/STM32CubeIDE/plugins/com.st.stm32cube.ide.mcu.externaltools.gnu-tools-for-stm32.12.3.rel1.win32_1.0.200.202406191623/tools/bin/../lib/gcc/arm-none-eabi/12.3.1/../../../../arm-none-eabi/lib/thumb/v7e-m+dp/hard\libc_nano.a(libc_a-exit.o) (__stdio_exit_handler)
C:/ST/STM32CubeIDE_1.16.1/STM32CubeIDE/plugins/com.st.stm32cube.ide.mcu.externaltools.gnu-tools-for-stm32.12.3.rel1.win32_1.0.200.202406191623/tools/bin/../lib/gcc/arm-none-eabi/12.3.1/../../../../arm-none-eabi/lib/thumb/v7e-m+dp/hard\libc_nano.a(libc_a-fprintf.o)
                              C:/ST/STM32CubeIDE_1.16.1/STM32CubeIDE/plugins/com.st.stm32cube.ide.mcu.externaltools.gnu-tools-for-stm32.12.3.rel1.win32_1.0.200.202406191623/tools/bin/../lib/gcc/arm-none-eabi/12.3.1/../../../../arm-none-eabi/lib/thumb/v7e-m+dp/hard\libc_nano.a(libc_a-assert.o) (fiprintf)
[...]
Memory Configuration

Name             Origin             Length             Attributes
RAM_D1           0x24000000         0x00080000         xrw
FLASH            0x08000000         0x00100000         xr
DTCMRAM          0x20000000         0x00020000         xrw
RAM_D2           0x30000000         0x00048000         xrw
RAM_D3           0x38000000         0x00010000         xrw
ITCMRAM          0x00000000         0x00010000         xrw
OPENAMP_RSC_TAB  0x38000000         0x00000400         xrw
OPEN_AMP_SHMEM   0x38000400         0x0000fc00         xrw
*default*        0x00000000         0xffffffff

Linker script and memory map

LOAD C:/ST/STM32CubeIDE_1.16.1/STM32CubeIDE/plugins/com.st.stm32cube.ide.mcu.externaltools.gnu-tools-for-stm32.12.3.rel1.win32_1.0.200.202406191623/tools/bin/../lib/gcc/arm-none-eabi/12.3.1/thumb/v7e-m+dp/hard/crti.o
LOAD C:/ST/STM32CubeIDE_1.16.1/STM32CubeIDE/plugins/com.st.stm32cube.ide.mcu.externaltools.gnu-tools-for-stm32.12.3.rel1.win32_1.0.200.202406191623/tools/bin/../lib/gcc/arm-none-eabi/12.3.1/thumb/v7e-m+dp/hard/crtbegin.o
LOAD C:/ST/STM32CubeIDE_1.16.1/STM32CubeIDE/plugins/com.st.stm32cube.ide.mcu.externaltools.gnu-tools-for-stm32.12.3.rel1.win32_1.0.200.202406191623/tools/bin/../lib/gcc/arm-none-eabi/12.3.1/../../../../arm-none-eabi/lib/thumb/v7e-m+dp/hard/crt0.o
LOAD ./Common/Src/mathFunctions.o
LOAD ./Common/Src/system_stm32h7xx_dualcore_boot_cm4_cm7.o
LOAD ./Common/Src/torqueEncoder.o
LOAD ./Core/Src/freertos.o
LOAD ./Core/Src/main.o
LOAD ./Core/Src/stm32h7xx_hal_msp.o
LOAD ./Core/Src/stm32h7xx_hal_timebase_tim.o
LOAD ./Core/Src/stm32h7xx_it.o
LOAD ./Core/Src/syscalls.o
LOAD ./Core/Src/sysmem.o
LOAD ./Core/Startup/startup_stm32h755zitx.o
LOAD ./Drivers/STM32H7xx_HAL_Driver/stm32h7xx_hal.o
LOAD ./Drivers/STM32H7xx_HAL_Driver/stm32h7xx_hal_cortex.o
LOAD ./Drivers/STM32H7xx_HAL_Driver/stm32h7xx_hal_dma.o
LOAD ./Drivers/STM32H7xx_HAL_Driver/stm32h7xx_hal_dma_ex.o
LOAD ./Drivers/STM32H7xx_HAL_Driver/stm32h7xx_hal_exti.o
LOAD ./Drivers/STM32H7xx_HAL_Driver/stm32h7xx_hal_flash.o
LOAD ./Drivers/STM32H7xx_HAL_Driver/stm32h7xx_hal_flash_ex.o
LOAD ./Drivers/STM32H7xx_HAL_Driver/stm32h7xx_hal_gpio.o
LOAD ./Drivers/STM32H7xx_HAL_Driver/stm32h7xx_hal_hsem.o
LOAD ./Drivers/STM32H7xx_HAL_Driver/stm32h7xx_hal_i2c.o
LOAD ./Drivers/STM32H7xx_HAL_Driver/stm32h7xx_hal_i2c_ex.o
LOAD ./Drivers/STM32H7xx_HAL_Driver/stm32h7xx_hal_mdma.o
LOAD ./Drivers/STM32H7xx_HAL_Driver/stm32h7xx_hal_pwr.o
LOAD ./Drivers/STM32H7xx_HAL_Driver/stm32h7xx_hal_pwr_ex.o
LOAD ./Drivers/STM32H7xx_HAL_Driver/stm32h7xx_hal_rcc.o
LOAD ./Drivers/STM32H7xx_HAL_Driver/stm32h7xx_hal_rcc_ex.o
LOAD ./Drivers/STM32H7xx_HAL_Driver/stm32h7xx_hal_tim.o
LOAD ./Drivers/STM32H7xx_HAL_Driver/stm32h7xx_hal_tim_ex.o
LOAD ./Middlewares/Third_Party/FreeRTOS/cmsis_os2.o
LOAD ./Middlewares/Third_Party/FreeRTOS/croutine.o
LOAD ./Middlewares/Third_Party/FreeRTOS/event_groups.o
LOAD ./Middlewares/Third_Party/FreeRTOS/heap_4.o
LOAD ./Middlewares/Third_Party/FreeRTOS/list.o
LOAD ./Middlewares/Third_Party/FreeRTOS/port.o
LOAD ./Middlewares/Third_Party/FreeRTOS/queue.o
LOAD ./Middlewares/Third_Party/FreeRTOS/stream_buffer.o
LOAD ./Middlewares/Third_Party/FreeRTOS/tasks.o
LOAD ./Middlewares/Third_Party/FreeRTOS/timers.o
LOAD ./Middlewares/Third_Party/OpenAMP/condition.o
LOAD ./Middlewares/Third_Party/OpenAMP/device.o
LOAD ./Middlewares/Third_Party/OpenAMP/generic_device.o
LOAD ./Middlewares/Third_Party/OpenAMP/generic_init.o
LOAD ./Middlewares/Third_Party/OpenAMP/generic_io.o
LOAD ./Middlewares/Third_Party/OpenAMP/generic_shmem.o
LOAD ./Middlewares/Third_Party/OpenAMP/init.o
LOAD ./Middlewares/Third_Party/OpenAMP/io.o
LOAD ./Middlewares/Third_Party/OpenAMP/log.o
LOAD ./Middlewares/Third_Party/OpenAMP/remoteproc_virtio.o
LOAD ./Middlewares/Third_Party/OpenAMP/rpmsg.o
LOAD ./Middlewares/Third_Party/OpenAMP/rpmsg_virtio.o
LOAD ./Middlewares/Third_Party/OpenAMP/shmem.o
LOAD ./Middlewares/Third_Party/OpenAMP/sys.o
LOAD ./Middlewares/Third_Party/OpenAMP/time.o
LOAD ./Middlewares/Third_Party/OpenAMP/virtio.o
LOAD ./Middlewares/Third_Party/OpenAMP/virtqueue.o
LOAD ./OPENAMP/mbox_hsem.o
LOAD ./OPENAMP/openamp.o
LOAD ./OPENAMP/rsc_table.o
START GROUP
LOAD C:/ST/STM32CubeIDE_1.16.1/STM32CubeIDE/plugins/com.st.stm32cube.ide.mcu.externaltools.gnu-tools-for-stm32.12.3.rel1.win32_1.0.200.202406191623/tools/bin/../lib/gcc/arm-none-eabi/12.3.1/../../../../arm-none-eabi/lib/thumb/v7e-m+dp/hard\libc_nano.a
LOAD C:/ST/STM32CubeIDE_1.16.1/STM32CubeIDE/plugins/com.st.stm32cube.ide.mcu.externaltools.gnu-tools-for-stm32.12.3.rel1.win32_1.0.200.202406191623/tools/bin/../lib/gcc/arm-none-eabi/12.3.1/../../../../arm-none-eabi/lib/thumb/v7e-m+dp/hard\libm.a
END GROUP
START GROUP
LOAD C:/ST/STM32CubeIDE_1.16.1/STM32CubeIDE/plugins/com.st.stm32cube.ide.mcu.externaltools.gnu-tools-for-stm32.12.3.rel1.win32_1.0.200.202406191623/tools/bin/../lib/gcc/arm-none-eabi/12.3.1/thumb/v7e-m+dp/hard\libgcc.a
LOAD C:/ST/STM32CubeIDE_1.16.1/STM32CubeIDE/plugins/com.st.stm32cube.ide.mcu.externaltools.gnu-tools-for-stm32.12.3.rel1.win32_1.0.200.202406191623/tools/bin/../lib/gcc/arm-none-eabi/12.3.1/../../../../arm-none-eabi/lib/thumb/v7e-m+dp/hard\libc_nano.a
END GROUP
START GROUP
LOAD C:/ST/STM32CubeIDE_1.16.1/STM32CubeIDE/plugins/com.st.stm32cube.ide.mcu.externaltools.gnu-tools-for-stm32.12.3.rel1.win32_1.0.200.202406191623/tools/bin/../lib/gcc/arm-none-eabi/12.3.1/thumb/v7e-m+dp/hard\libgcc.a
LOAD C:/ST/STM32CubeIDE_1.16.1/STM32CubeIDE/plugins/com.st.stm32cube.ide.mcu.externaltools.gnu-tools-for-stm32.12.3.rel1.win32_1.0.200.202406191623/tools/bin/../lib/gcc/arm-none-eabi/12.3.1/../../../../arm-none-eabi/lib/thumb/v7e-m+dp/hard\libc_nano.a
LOAD C:/ST/STM32CubeIDE_1.16.1/STM32CubeIDE/plugins/com.st.stm32cube.ide.mcu.externaltools.gnu-tools-for-stm32.12.3.rel1.win32_1.0.200.202406191623/tools/bin/../lib/gcc/arm-none-eabi/12.3.1/../../../../arm-none-eabi/lib/thumb/v7e-m+dp/hard\libnosys.a
END GROUP
START GROUP
LOAD C:/ST/STM32CubeIDE_1.16.1/STM32CubeIDE/plugins/com.st.stm32cube.ide.mcu.externaltools.gnu-tools-for-stm32.12.3.rel1.win32_1.0.200.202406191623/tools/bin/../lib/gcc/arm-none-eabi/12.3.1/thumb/v7e-m+dp/hard\libgcc.a
LOAD C:/ST/STM32CubeIDE_1.16.1/STM32CubeIDE/plugins/com.st.stm32cube.ide.mcu.externaltools.gnu-tools-for-stm32.12.3.rel1.win32_1.0.200.202406191623/tools/bin/../lib/gcc/arm-none-eabi/12.3.1/../../../../arm-none-eabi/lib/thumb/v7e-m+dp/hard\libc_nano.a
LOAD C:/ST/STM32CubeIDE_1.16.1/STM32CubeIDE/plugins/com.st.stm32cube.ide.mcu.externaltools.gnu-tools-for-stm32.12.3.rel1.win32_1.0.200.202406191623/tools/bin/../lib/gcc/arm-none-eabi/12.3.1/../../../../arm-none-eabi/lib/thumb/v7e-m+dp/hard\libnosys.a
END GROUP
LOAD C:/ST/STM32CubeIDE_1.16.1/STM32CubeIDE/plugins/com.st.stm32cube.ide.mcu.externaltools.gnu-tools-for-stm32.12.3.rel1.win32_1.0.200.202406191623/tools/bin/../lib/gcc/arm-none-eabi/12.3.1/thumb/v7e-m+dp/hard/crtend.o
LOAD C:/ST/STM32CubeIDE_1.16.1/STM32CubeIDE/plugins/com.st.stm32cube.ide.mcu.externaltools.gnu-tools-for-stm32.12.3.rel1.win32_1.0.200.202406191623/tools/bin/../lib/gcc/arm-none-eabi/12.3.1/thumb/v7e-m+dp/hard/crtn.o
                0x24080000                        _estack = (ORIGIN (RAM_D1) + LENGTH (RAM_D1))
                0x00000200                        _Min_Heap_Size = 0x200
                0x00000400                        _Min_Stack_Size = 0x400
                0x38000400                        __OPENAMP_region_start__ = ORIGIN (OPEN_AMP_SHMEM)
                0x38010000                        __OPENAMP_region_end__ = (ORIGIN (OPEN_AMP_SHMEM) + LENGTH (OPEN_AMP_SHMEM))

.isr_vector     0x08000000      0x298
                0x08000000                        . = ALIGN (0x4)
 *(.isr_vector)
 .isr_vector    0x08000000      0x298 ./Core/Startup/startup_stm32h755zitx.o
                0x08000000                g_pfnVectors
                0x08000298                        . = ALIGN (0x4)

.text           0x080002a0     0xd074
                0x080002a0                        . = ALIGN (0x4)
 *(.text)
 .text          0x080002a0       0x40 C:/ST/STM32CubeIDE_1.16.1/STM32CubeIDE/plugins/com.st.stm32cube.ide.mcu.externaltools.gnu-tools-for-stm32.12.3.rel1.win32_1.0.200.202406191623/tools/bin/../lib/gcc/arm-none-eabi/12.3.1/thumb/v7e-m+dp/hard/crtbegin.o
 .text          0x080002e0       0x14 C:/ST/STM32CubeIDE_1.16.1/STM32CubeIDE/plugins/com.st.stm32cube.ide.mcu.externaltools.gnu-tools-for-stm32.12.3.rel1.win32_1.0.200.202406191623/tools/bin/../lib/gcc/arm-none-eabi/12.3.1/../../../../arm-none-eabi/lib/thumb/v7e-m+dp/hard\libc_nano.a(libc_a-strcmp.o)
                0x080002e0                strcmp
 *fill*         0x080002f4        0xc 
 .text          0x08000300       0xa0 C:/ST/STM32CubeIDE_1.16.1/STM32CubeIDE/plugins/com.st.stm32cube.ide.mcu.externaltools.gnu-tools-for-stm32.12.3.rel1.win32_1.0.200.202406191623/tools/bin/../lib/gcc/arm-none-eabi/12.3.1/../../../../arm-none-eabi/lib/thumb/v7e-m+dp/hard\libc_nano.a(libc_a-memchr.o)
                0x08000300                memchr
 .text          0x080003a0       0x10 C:/ST/STM32CubeIDE_1.16.1/STM32CubeIDE/plugins/com.st.stm32cube.ide.mcu.externaltools.gnu-tools-for-stm32.12.3.rel1.win32_1.0.200.202406191623/tools/bin/../lib/gcc/arm-none-eabi/12.3.1/../../../../arm-none-eabi/lib/thumb/v7e-m+dp/hard\libc_nano.a(libc_a-strlen.o)
                0x080003a0                strlen
 .text          0x080003b0      0x378 C:/ST/STM32CubeIDE_1.16.1/STM32CubeIDE/plugins/com.st.stm32cube.ide.mcu.externaltools.gnu-tools-for-stm32.12.3.rel1.win32_1.0.200.202406191623/tools/bin/../lib/gcc/arm-none-eabi/12.3.1/thumb/v7e-m+dp/hard\libgcc.a(_arm_addsubdf3.o)
                0x080003b0                __aeabi_drsub
                0x080003b8                __aeabi_dsub
                0x080003b8                __subdf3
                0x080003bc                __aeabi_dadd
                0x080003bc                __adddf3
                0x08000634                __floatunsidf
                0x08000634                __aeabi_ui2d
                0x08000654                __floatsidf
                0x08000654                __aeabi_i2d
                0x08000678                __aeabi_f2d
                0x08000678                __extendsfdf2
                0x080006bc                __floatundidf
                0x080006bc                __aeabi_ul2d
                0x080006cc                __floatdidf
                0x080006cc                __aeabi_l2d
 .text          0x08000728       0x30 C:/ST/STM32CubeIDE_1.16.1/STM32CubeIDE/plugins/com.st.stm32cube.ide.mcu.externaltools.gnu-tools-for-stm32.12.3.rel1.win32_1.0.200.202406191623/tools/bin/../lib/gcc/arm-none-eabi/12.3.1/thumb/v7e-m+dp/hard\libgcc.a(_fixdfdi.o)
                0x08000728                __fixdfdi
                0x08000728                __aeabi_d2lz
 .text          0x08000758       0x40 C:/ST/STM32CubeIDE_1.16.1/STM32CubeIDE/plugins/com.st.stm32cube.ide.mcu.externaltools.gnu-tools-for-stm32.12.3.rel1.win32_1.0.200.202406191623/tools/bin/../lib/gcc/arm-none-eabi/12.3.1/thumb/v7e-m+dp/hard\libgcc.a(_fixunsdfdi.o)
                0x08000758                __fixunsdfdi
                0x08000758                __aeabi_d2ulz
 *(.text*)
 .text.SystemInit
                0x08000798      0x12c ./Common/Src/system_stm32h7xx_dualcore_boot_cm4_cm7.o
                0x08000798                SystemInit
 .text.rpmsg_send
                0x080008c4       0x40 ./Core/Src/main.o
 .text.rpmsg_init_ept
                0x08000904       0x3a ./Core/Src/main.o
 .text.getPercent
                0x0800093e       0x72 ./Core/Src/main.o
                0x0800093e                getPercent
 .text.rpmsg_recv_callback
                0x080009b0       0x58 ./Core/Src/main.o
 .text.serice_destroy_cb
                0x08000a08       0x20 ./Core/Src/main.o
                0x08000a08                serice_destroy_cb
 .text.new_service_cb
                0x08000a28       0x3c ./Core/Src/main.o
                0x08000a28                new_service_cb
 .text.main     0x08000a64      0x1c0 ./Core/Src/main.o
                0x08000a64                main
 .text.SystemClock_Config
                0x08000c24      0x100 ./Core/Src/main.o
                0x08000c24                SystemClock_Config
 .text.MX_GPIO_Init
                0x08000d24       0xd0 ./Core/Src/main.o
 .text.StartDefaultTask
                0x08000df4       0xb4 ./Core/Src/main.o
                0x08000df4                StartDefaultTask
 .text.startTxTask
                0x08000ea8       0xb4 ./Core/Src/main.o
                0x08000ea8                startTxTask
 .text.startCalculateTask
                0x08000f5c       0xf8 ./Core/Src/main.o
                0x08000f5c                startCalculateTask
 .text.MPU_Config
                0x08001054       0x5a ./Core/Src/main.o
 *fill*         0x080010ae        0x2 
 .text.HAL_TIM_PeriodElapsedCallback
                0x080010b0       0x24 ./Core/Src/main.o
                0x080010b0                HAL_TIM_PeriodElapsedCallback
 .text.Error_Handler
                0x080010d4        0xc ./Core/Src/main.o
                0x080010d4                Error_Handler
 .text.HAL_MspInit
                0x080010e0       0x4c ./Core/Src/stm32h7xx_hal_msp.o
                0x080010e0                HAL_MspInit
 .text.HAL_InitTick
                0x0800112c       0xc0 ./Core/Src/stm32h7xx_hal_timebase_tim.o
                0x0800112c                HAL_InitTick
 .text.NMI_Handler
                0x080011ec        0x8 ./Core/Src/stm32h7xx_it.o
                0x080011ec                NMI_Handler
 .text.HardFault_Handler
                0x080011f4        0x8 ./Core/Src/stm32h7xx_it.o
                0x080011f4                HardFault_Handler
 .text.MemManage_Handler
                0x080011fc        0x8 ./Core/Src/stm32h7xx_it.o
                0x080011fc                MemManage_Handler
 .text.BusFault_Handler
                0x08001204        0x8 ./Core/Src/stm32h7xx_it.o
                0x08001204                BusFault_Handler
 .text.UsageFault_Handler
                0x0800120c        0x8 ./Core/Src/stm32h7xx_it.o
                0x0800120c                UsageFault_Handler
 .text.DebugMon_Handler
                0x08001214        0xe ./Core/Src/stm32h7xx_it.o
                0x08001214                DebugMon_Handler
 *fill*         0x08001222        0x2 
 .text.TIM1_UP_IRQHandler
                0x08001224       0x14 ./Core/Src/stm32h7xx_it.o
                0x08001224                TIM1_UP_IRQHandler
 .text.HSEM1_IRQHandler
                0x08001238        0xc ./Core/Src/stm32h7xx_it.o
                0x08001238                HSEM1_IRQHandler
 .text._getpid  0x08001244       0x10 ./Core/Src/syscalls.o
                0x08001244                _getpid
 .text._kill    0x08001254       0x20 ./Core/Src/syscalls.o
                0x08001254                _kill
 .text._exit    0x08001274       0x16 ./Core/Src/syscalls.o
                0x08001274                _exit
 .text._read    0x0800128a       0x3a ./Core/Src/syscalls.o
                0x0800128a                _read
 .text._write   0x080012c4       0x38 ./Core/Src/syscalls.o
                0x080012c4                _write
 .text._close   0x080012fc       0x18 ./Core/Src/syscalls.o
                0x080012fc                _close
 .text._fstat   0x08001314       0x20 ./Core/Src/syscalls.o
                0x08001314                _fstat
 .text._isatty  0x08001334       0x16 ./Core/Src/syscalls.o
                0x08001334                _isatty
 .text._lseek   0x0800134a       0x1a ./Core/Src/syscalls.o
                0x0800134a                _lseek
 .text._sbrk    0x08001364       0x6c ./Core/Src/sysmem.o
                0x08001364                _sbrk
 .text.Reset_Handler
                0x080013d0       0x50 ./Core/Startup/startup_stm32h755zitx.o
                0x080013d0                Reset_Handler
 .text.Default_Handler
                0x08001420        0x2 ./Core/Startup/startup_stm32h755zitx.o
                0x08001420                RTC_Alarm_IRQHandler
                0x08001420                HASH_RNG_IRQHandler
                0x08001420                EXTI2_IRQHandler
                0x08001420                TIM8_CC_IRQHandler
                0x08001420                HRTIM1_Master_IRQHandler
                0x08001420                UART8_IRQHandler
                0x08001420                SPI4_IRQHandler
                0x08001420                TIM1_CC_IRQHandler
                0x08001420                BDMA_Channel6_IRQHandler
                0x08001420                DMA2_Stream5_IRQHandler
                0x08001420                HRTIM1_FLT_IRQHandler
                0x08001420                JPEG_IRQHandler
                0x08001420                DMA1_Stream5_IRQHandler
                0x08001420                BDMA_Channel1_IRQHandler
                0x08001420                HRTIM1_TIMD_IRQHandler
                0x08001420                TAMP_STAMP_IRQHandler
                0x08001420                EXTI3_IRQHandler
                0x08001420                LPTIM4_IRQHandler
                0x08001420                TIM8_TRG_COM_TIM14_IRQHandler
                0x08001420                LPTIM2_IRQHandler
                0x08001420                DFSDM1_FLT1_IRQHandler
                0x08001420                DMAMUX2_OVR_IRQHandler
                0x08001420                TIM8_UP_TIM13_IRQHandler
                0x08001420                I2C3_ER_IRQHandler
                0x08001420                DFSDM1_FLT2_IRQHandler
                0x08001420                MDMA_IRQHandler
                0x08001420                LPTIM3_IRQHandler
                0x08001420                EXTI0_IRQHandler
                0x08001420                I2C2_EV_IRQHandler
                0x08001420                DMA1_Stream2_IRQHandler
                0x08001420                FPU_IRQHandler
                0x08001420                OTG_HS_WKUP_IRQHandler
                0x08001420                FDCAN1_IT1_IRQHandler
                0x08001420                LTDC_ER_IRQHandler
                0x08001420                DMA2_Stream2_IRQHandler
                0x08001420                HRTIM1_TIME_IRQHandler
                0x08001420                SPI1_IRQHandler
                0x08001420                TIM6_DAC_IRQHandler
                0x08001420                DCMI_IRQHandler
                0x08001420                HRTIM1_TIMC_IRQHandler
                0x08001420                DMA2_Stream3_IRQHandler
                0x08001420                SAI2_IRQHandler
                0x08001420                DFSDM1_FLT3_IRQHandler
                0x08001420                USART6_IRQHandler
                0x08001420                TIM17_IRQHandler
                0x08001420                USART3_IRQHandler
                0x08001420                BDMA_Channel7_IRQHandler
                0x08001420                CRYP_IRQHandler
                0x08001420                LPTIM5_IRQHandler
                0x08001420                UART5_IRQHandler
                0x08001420                ADC3_IRQHandler
                0x08001420                DMA2_Stream0_IRQHandler
                0x08001420                TIM4_IRQHandler
                0x08001420                BDMA_Channel2_IRQHandler
                0x08001420                QUADSPI_IRQHandler
                0x08001420                I2C1_EV_IRQHandler
                0x08001420                DMA1_Stream6_IRQHandler
                0x08001420                DMAMUX1_OVR_IRQHandler
                0x08001420                DMA1_Stream1_IRQHandler
                0x08001420                TIM16_IRQHandler
                0x08001420                UART4_IRQHandler
                0x08001420                BDMA_Channel5_IRQHandler
                0x08001420                TIM3_IRQHandler
                0x08001420                RCC_IRQHandler
                0x08001420                TIM8_BRK_TIM12_IRQHandler
                0x08001420                TIM1_TRG_COM_IRQHandler
                0x08001420                Default_Handler
                0x08001420                ECC_IRQHandler
                0x08001420                CEC_IRQHandler
                0x08001420                EXTI15_10_IRQHandler
                0x08001420                BDMA_Channel0_IRQHandler
                0x08001420                ADC_IRQHandler
                0x08001420                DMA1_Stream7_IRQHandler
                0x08001420                HRTIM1_TIMA_IRQHandler
                0x08001420                SPI5_IRQHandler
                0x08001420                TIM7_IRQHandler
                0x08001420                SDMMC1_IRQHandler
                0x08001420                TIM5_IRQHandler
                0x08001420                DMA2_Stream7_IRQHandler
                0x08001420                TIM15_IRQHandler
                0x08001420                PVD_AVD_IRQHandler
                0x08001420                I2C3_EV_IRQHandler
                0x08001420                EXTI9_5_IRQHandler
                0x08001420                RTC_WKUP_IRQHandler
                0x08001420                LTDC_IRQHandler
                0x08001420                SAI3_IRQHandler
                0x08001420                ETH_WKUP_IRQHandler
                0x08001420                SPDIF_RX_IRQHandler
                0x08001420                SPI2_IRQHandler
                0x08001420                OTG_HS_EP1_IN_IRQHandler
                0x08001420                DMA1_Stream0_IRQHandler
                0x08001420                CRS_IRQHandler
                0x08001420                CM7_SEV_IRQHandler
                0x08001420                EXTI4_IRQHandler
                0x08001420                CM4_SEV_IRQHandler
                0x08001420                HRTIM1_TIMB_IRQHandler
                0x08001420                FDCAN2_IT1_IRQHandler
                0x08001420                ETH_IRQHandler
                0x08001420                WWDG_RST_IRQHandler
                0x08001420                BDMA_Channel4_IRQHandler
                0x08001420                OTG_HS_EP1_OUT_IRQHandler
                0x08001420                WWDG_IRQHandler
                0x08001420                SPI6_IRQHandler
                0x08001420                MDIOS_IRQHandler
                0x08001420                I2C4_EV_IRQHandler
                0x08001420                FDCAN2_IT0_IRQHandler
                0x08001420                LPUART1_IRQHandler
                0x08001420                FDCAN1_IT0_IRQHandler
                0x08001420                TIM2_IRQHandler
                0x08001420                OTG_FS_WKUP_IRQHandler
                0x08001420                OTG_HS_IRQHandler
                0x08001420                HSEM2_IRQHandler
                0x08001420                DMA2D_IRQHandler
                0x08001420                TIM1_BRK_IRQHandler
                0x08001420                EXTI1_IRQHandler
                0x08001420                SDMMC2_IRQHandler
                0x08001420                OTG_FS_EP1_OUT_IRQHandler
                0x08001420                BDMA_Channel3_IRQHandler
                0x08001420                HOLD_CORE_IRQHandler
                0x08001420                UART7_IRQHandler
                0x08001420                MDIOS_WKUP_IRQHandler
                0x08001420                USART2_IRQHandler
                0x08001420                DFSDM1_FLT0_IRQHandler
                0x08001420                SAI4_IRQHandler
                0x08001420                I2C2_ER_IRQHandler
                0x08001420                DMA2_Stream1_IRQHandler
                0x08001420                FLASH_IRQHandler
                0x08001420                DMA2_Stream4_IRQHandler
                0x08001420                USART1_IRQHandler
                0x08001420                OTG_FS_IRQHandler
                0x08001420                SPI3_IRQHandler
                0x08001420                WAKEUP_PIN_IRQHandler
                0x08001420                DMA1_Stream4_IRQHandler
                0x08001420                OTG_FS_EP1_IN_IRQHandler
                0x08001420                I2C1_ER_IRQHandler
                0x08001420                FMC_IRQHandler
                0x08001420                FDCAN_CAL_IRQHandler
                0x08001420                SWPMI1_IRQHandler
                0x08001420                COMP1_IRQHandler
                0x08001420                LPTIM1_IRQHandler
                0x08001420                I2C4_ER_IRQHandler
                0x08001420                DMA2_Stream6_IRQHandler
                0x08001420                SAI1_IRQHandler
                0x08001420                DMA1_Stream3_IRQHandler
 *fill*         0x08001422        0x2 
 .text.HAL_Init
                0x08001424       0x78 ./Drivers/STM32H7xx_HAL_Driver/stm32h7xx_hal.o
                0x08001424                HAL_Init
 .text.HAL_IncTick
                0x0800149c       0x28 ./Drivers/STM32H7xx_HAL_Driver/stm32h7xx_hal.o
                0x0800149c                HAL_IncTick
 .text.HAL_GetTick
                0x080014c4       0x18 ./Drivers/STM32H7xx_HAL_Driver/stm32h7xx_hal.o
                0x080014c4                HAL_GetTick
 .text.HAL_GetREVID
                0x080014dc       0x18 ./Drivers/STM32H7xx_HAL_Driver/stm32h7xx_hal.o
                0x080014dc                HAL_GetREVID
 .text.__NVIC_SetPriorityGrouping
                0x080014f4       0x48 ./Drivers/STM32H7xx_HAL_Driver/stm32h7xx_hal_cortex.o
 .text.__NVIC_GetPriorityGrouping
                0x0800153c       0x1c ./Drivers/STM32H7xx_HAL_Driver/stm32h7xx_hal_cortex.o
 .text.__NVIC_EnableIRQ
                0x08001558       0x3c ./Drivers/STM32H7xx_HAL_Driver/stm32h7xx_hal_cortex.o
 .text.__NVIC_SetPriority
                0x08001594       0x54 ./Drivers/STM32H7xx_HAL_Driver/stm32h7xx_hal_cortex.o
 .text.NVIC_EncodePriority
                0x080015e8       0x66 ./Drivers/STM32H7xx_HAL_Driver/stm32h7xx_hal_cortex.o
 .text.HAL_NVIC_SetPriorityGrouping
                0x0800164e       0x16 ./Drivers/STM32H7xx_HAL_Driver/stm32h7xx_hal_cortex.o
                0x0800164e                HAL_NVIC_SetPriorityGrouping
 .text.HAL_NVIC_SetPriority
                0x08001664       0x34 ./Drivers/STM32H7xx_HAL_Driver/stm32h7xx_hal_cortex.o
                0x08001664                HAL_NVIC_SetPriority
 .text.HAL_NVIC_EnableIRQ
                0x08001698       0x1c ./Drivers/STM32H7xx_HAL_Driver/stm32h7xx_hal_cortex.o
                0x08001698                HAL_NVIC_EnableIRQ
 .text.HAL_MPU_Disable
                0x080016b4       0x30 ./Drivers/STM32H7xx_HAL_Driver/stm32h7xx_hal_cortex.o
                0x080016b4                HAL_MPU_Disable
 .text.HAL_MPU_Enable
                0x080016e4       0x40 ./Drivers/STM32H7xx_HAL_Driver/stm32h7xx_hal_cortex.o
                0x080016e4                HAL_MPU_Enable
 .text.HAL_MPU_ConfigRegion
                0x08001724       0x80 ./Drivers/STM32H7xx_HAL_Driver/stm32h7xx_hal_cortex.o
                0x08001724                HAL_MPU_ConfigRegion
 .text.HAL_GPIO_Init
                0x080017a4      0x360 ./Drivers/STM32H7xx_HAL_Driver/stm32h7xx_hal_gpio.o
                0x080017a4                HAL_GPIO_Init
 .text.HAL_GPIO_WritePin
                0x08001b04       0x32 ./Drivers/STM32H7xx_HAL_Driver/stm32h7xx_hal_gpio.o
                0x08001b04                HAL_GPIO_WritePin
 .text.HAL_GPIO_TogglePin
                0x08001b36       0x34 ./Drivers/STM32H7xx_HAL_Driver/stm32h7xx_hal_gpio.o
                0x08001b36                HAL_GPIO_TogglePin
 *fill*         0x08001b6a        0x2 
 .text.HAL_HSEM_FastTake
                0x08001b6c       0x34 ./Drivers/STM32H7xx_HAL_Driver/stm32h7xx_hal_hsem.o
                0x08001b6c                HAL_HSEM_FastTake
 .text.HAL_HSEM_Release
                0x08001ba0       0x28 ./Drivers/STM32H7xx_HAL_Driver/stm32h7xx_hal_hsem.o
                0x08001ba0                HAL_HSEM_Release
 .text.HAL_HSEM_ActivateNotification
                0x08001bc8       0x24 ./Drivers/STM32H7xx_HAL_Driver/stm32h7xx_hal_hsem.o
                0x08001bc8                HAL_HSEM_ActivateNotification
 .text.HAL_HSEM_IRQHandler
                0x08001bec       0x34 ./Drivers/STM32H7xx_HAL_Driver/stm32h7xx_hal_hsem.o
                0x08001bec                HAL_HSEM_IRQHandler
 .text.HAL_PWREx_ConfigSupply
                0x08001c20       0xb4 ./Drivers/STM32H7xx_HAL_Driver/stm32h7xx_hal_pwr_ex.o
                0x08001c20                HAL_PWREx_ConfigSupply
 .text.HAL_RCC_OscConfig
                0x08001cd4      0x8b4 ./Drivers/STM32H7xx_HAL_Driver/stm32h7xx_hal_rcc.o
                0x08001cd4                HAL_RCC_OscConfig
 .text.HAL_RCC_ClockConfig
                0x08002588      0x36c ./Drivers/STM32H7xx_HAL_Driver/stm32h7xx_hal_rcc.o
                0x08002588                HAL_RCC_ClockConfig
 .text.HAL_RCC_GetSysClockFreq
                0x080028f4      0x2f4 ./Drivers/STM32H7xx_HAL_Driver/stm32h7xx_hal_rcc.o
                0x080028f4                HAL_RCC_GetSysClockFreq
 .text.HAL_RCC_GetHCLKFreq
                0x08002be8       0x60 ./Drivers/STM32H7xx_HAL_Driver/stm32h7xx_hal_rcc.o
                0x08002be8                HAL_RCC_GetHCLKFreq
 .text.HAL_RCC_GetPCLK2Freq
                0x08002c48       0x2c ./Drivers/STM32H7xx_HAL_Driver/stm32h7xx_hal_rcc.o
                0x08002c48                HAL_RCC_GetPCLK2Freq
 .text.HAL_RCC_GetClockConfig
                0x08002c74       0x84 ./Drivers/STM32H7xx_HAL_Driver/stm32h7xx_hal_rcc.o
                0x08002c74                HAL_RCC_GetClockConfig
 .text.HAL_TIM_Base_Init
                0x08002cf8       0xae ./Drivers/STM32H7xx_HAL_Driver/stm32h7xx_hal_tim.o
                0x08002cf8                HAL_TIM_Base_Init
 .text.HAL_TIM_Base_MspInit
                0x08002da6       0x14 ./Drivers/STM32H7xx_HAL_Driver/stm32h7xx_hal_tim.o
                0x08002da6                HAL_TIM_Base_MspInit
 *fill*         0x08002dba        0x2 
 .text.HAL_TIM_Base_Start_IT
                0x08002dbc       0xf0 ./Drivers/STM32H7xx_HAL_Driver/stm32h7xx_hal_tim.o
                0x08002dbc                HAL_TIM_Base_Start_IT
 .text.HAL_TIM_IRQHandler
                0x08002eac      0x20e ./Drivers/STM32H7xx_HAL_Driver/stm32h7xx_hal_tim.o
                0x08002eac                HAL_TIM_IRQHandler
 .text.HAL_TIM_OC_DelayElapsedCallback
                0x080030ba       0x14 ./Drivers/STM32H7xx_HAL_Driver/stm32h7xx_hal_tim.o
                0x080030ba                HAL_TIM_OC_DelayElapsedCallback
 .text.HAL_TIM_IC_CaptureCallback
                0x080030ce       0x14 ./Drivers/STM32H7xx_HAL_Driver/stm32h7xx_hal_tim.o
                0x080030ce                HAL_TIM_IC_CaptureCallback
 .text.HAL_TIM_PWM_PulseFinishedCallback
                0x080030e2       0x14 ./Drivers/STM32H7xx_HAL_Driver/stm32h7xx_hal_tim.o
                0x080030e2                HAL_TIM_PWM_PulseFinishedCallback
 .text.HAL_TIM_TriggerCallback
                0x080030f6       0x14 ./Drivers/STM32H7xx_HAL_Driver/stm32h7xx_hal_tim.o
                0x080030f6                HAL_TIM_TriggerCallback
 *fill*         0x0800310a        0x2 
 .text.TIM_Base_SetConfig
                0x0800310c      0x14c ./Drivers/STM32H7xx_HAL_Driver/stm32h7xx_hal_tim.o
                0x0800310c                TIM_Base_SetConfig
 .text.HAL_TIMEx_CommutCallback
                0x08003258       0x14 ./Drivers/STM32H7xx_HAL_Driver/stm32h7xx_hal_tim_ex.o
                0x08003258                HAL_TIMEx_CommutCallback
 .text.HAL_TIMEx_BreakCallback
                0x0800326c       0x14 ./Drivers/STM32H7xx_HAL_Driver/stm32h7xx_hal_tim_ex.o
                0x0800326c                HAL_TIMEx_BreakCallback
 .text.HAL_TIMEx_Break2Callback
                0x08003280       0x14 ./Drivers/STM32H7xx_HAL_Driver/stm32h7xx_hal_tim_ex.o
                0x08003280                HAL_TIMEx_Break2Callback
 .text.__NVIC_SetPriority
                0x08003294       0x54 ./Middlewares/Third_Party/FreeRTOS/cmsis_os2.o
 .text.SysTick_Handler
                0x080032e8       0x20 ./Middlewares/Third_Party/FreeRTOS/cmsis_os2.o
                0x080032e8                SysTick_Handler
 .text.SVC_Setup
                0x08003308       0x12 ./Middlewares/Third_Party/FreeRTOS/cmsis_os2.o
 *fill*         0x0800331a        0x2 
 .text.osKernelInitialize
                0x0800331c       0x48 ./Middlewares/Third_Party/FreeRTOS/cmsis_os2.o
                0x0800331c                osKernelInitialize
 .text.osKernelStart
                0x08003364       0x4c ./Middlewares/Third_Party/FreeRTOS/cmsis_os2.o
                0x08003364                osKernelStart
 .text.osThreadNew
                0x080033b0      0x124 ./Middlewares/Third_Party/FreeRTOS/cmsis_os2.o
                0x080033b0                osThreadNew
 .text.osDelay  0x080034d4       0x36 ./Middlewares/Third_Party/FreeRTOS/cmsis_os2.o
                0x080034d4                osDelay
 *fill*         0x0800350a        0x2 
 .text.vApplicationGetIdleTaskMemory
                0x0800350c       0x34 ./Middlewares/Third_Party/FreeRTOS/cmsis_os2.o
                0x0800350c                vApplicationGetIdleTaskMemory
 .text.vApplicationGetTimerTaskMemory
                0x08003540       0x34 ./Middlewares/Third_Party/FreeRTOS/cmsis_os2.o
                0x08003540                vApplicationGetTimerTaskMemory
 .text.pvPortMalloc
                0x08003574      0x19c ./Middlewares/Third_Party/FreeRTOS/heap_4.o
                0x08003574                pvPortMalloc
 .text.vPortFree
                0x08003710       0xc8 ./Middlewares/Third_Party/FreeRTOS/heap_4.o
                0x08003710                vPortFree
 .text.prvHeapInit
                0x080037d8       0xc4 ./Middlewares/Third_Party/FreeRTOS/heap_4.o
 .text.prvInsertBlockIntoFreeList
                0x0800389c       0xb4 ./Middlewares/Third_Party/FreeRTOS/heap_4.o
 .text.vListInitialise
                0x08003950       0x40 ./Middlewares/Third_Party/FreeRTOS/list.o
                0x08003950                vListInitialise
 .text.vListInitialiseItem
                0x08003990       0x1a ./Middlewares/Third_Party/FreeRTOS/list.o
                0x08003990                vListInitialiseItem
 .text.vListInsertEnd
                0x080039aa       0x48 ./Middlewares/Third_Party/FreeRTOS/list.o
                0x080039aa                vListInsertEnd
 .text.vListInsert
                0x080039f2       0x72 ./Middlewares/Third_Party/FreeRTOS/list.o
                0x080039f2                vListInsert
 .text.uxListRemove
                0x08003a64       0x54 ./Middlewares/Third_Party/FreeRTOS/list.o
                0x08003a64                uxListRemove
 .text.pxPortInitialiseStack
                0x08003ab8       0x68 ./Middlewares/Third_Party/FreeRTOS/port.o
                0x08003ab8                pxPortInitialiseStack
 .text.prvTaskExitError
                0x08003b20       0x5c ./Middlewares/Third_Party/FreeRTOS/port.o
 *fill*         0x08003b7c        0x4 
 .text.SVC_Handler
                0x08003b80       0x28 ./Middlewares/Third_Party/FreeRTOS/port.o
                0x08003b80                SVC_Handler
 .text.prvPortStartFirstTask
                0x08003ba8       0x28 ./Middlewares/Third_Party/FreeRTOS/port.o
 .text.xPortStartScheduler
                0x08003bd0      0x148 ./Middlewares/Third_Party/FreeRTOS/port.o
                0x08003bd0                xPortStartScheduler
 .text.vPortEnterCritical
                0x08003d18       0x64 ./Middlewares/Third_Party/FreeRTOS/port.o
                0x08003d18                vPortEnterCritical
 .text.vPortExitCritical
                0x08003d7c       0x54 ./Middlewares/Third_Party/FreeRTOS/port.o
                0x08003d7c                vPortExitCritical
 .text.PendSV_Handler
                0x08003dd0       0x68 ./Middlewares/Third_Party/FreeRTOS/port.o
                0x08003dd0                PendSV_Handler
 .text.xPortSysTickHandler
                0x08003e38       0x44 ./Middlewares/Third_Party/FreeRTOS/port.o
                0x08003e38                xPortSysTickHandler
 .text.vPortSetupTimerInterrupt
                0x08003e7c       0x48 ./Middlewares/Third_Party/FreeRTOS/port.o
                0x08003e7c                vPortSetupTimerInterrupt
 .text.vPortEnableVFP
                0x08003ec4       0x14 ./Middlewares/Third_Party/FreeRTOS/port.o
 .text.vPortValidateInterruptPriority
                0x08003ed8       0x84 ./Middlewares/Third_Party/FreeRTOS/port.o
                0x08003ed8                vPortValidateInterruptPriority
 .text.xQueueGenericReset
                0x08003f5c       0xd4 ./Middlewares/Third_Party/FreeRTOS/queue.o
                0x08003f5c                xQueueGenericReset
 .text.xQueueGenericCreateStatic
                0x08004030       0xfa ./Middlewares/Third_Party/FreeRTOS/queue.o
                0x08004030                xQueueGenericCreateStatic
 .text.prvInitialiseNewQueue
                0x0800412a       0x46 ./Middlewares/Third_Party/FreeRTOS/queue.o
 .text.xQueueGenericSend
                0x08004170      0x204 ./Middlewares/Third_Party/FreeRTOS/queue.o
                0x08004170                xQueueGenericSend
 .text.xQueueGenericSendFromISR
                0x08004374      0x13c ./Middlewares/Third_Party/FreeRTOS/queue.o
                0x08004374                xQueueGenericSendFromISR
 .text.xQueueReceive
                0x080044b0      0x1c4 ./Middlewares/Third_Party/FreeRTOS/queue.o
                0x080044b0                xQueueReceive
 .text.prvCopyDataToQueue
                0x08004674       0xd4 ./Middlewares/Third_Party/FreeRTOS/queue.o
 .text.prvCopyDataFromQueue
                0x08004748       0x4c ./Middlewares/Third_Party/FreeRTOS/queue.o
 .text.prvUnlockQueue
                0x08004794       0xa4 ./Middlewares/Third_Party/FreeRTOS/queue.o
 .text.prvIsQueueEmpty
                0x08004838       0x2c ./Middlewares/Third_Party/FreeRTOS/queue.o
 .text.prvIsQueueFull
                0x08004864       0x30 ./Middlewares/Third_Party/FreeRTOS/queue.o
 .text.vQueueAddToRegistry
                0x08004894       0x54 ./Middlewares/Third_Party/FreeRTOS/queue.o
                0x08004894                vQueueAddToRegistry
 .text.vQueueWaitForMessageRestricted
                0x080048e8       0x68 ./Middlewares/Third_Party/FreeRTOS/queue.o
                0x080048e8                vQueueWaitForMessageRestricted
 .text.xTaskCreateStatic
                0x08004950       0xc0 ./Middlewares/Third_Party/FreeRTOS/tasks.o
                0x08004950                xTaskCreateStatic
 .text.xTaskCreate
                0x08004a10       0x8a ./Middlewares/Third_Party/FreeRTOS/tasks.o
                0x08004a10                xTaskCreate
 .text.prvInitialiseNewTask
                0x08004a9a      0x120 ./Middlewares/Third_Party/FreeRTOS/tasks.o
 *fill*         0x08004bba        0x2 
 .text.prvAddNewTaskToReadyList
                0x08004bbc       0xe0 ./Middlewares/Third_Party/FreeRTOS/tasks.o
 .text.vTaskDelay
                0x08004c9c       0x6c ./Middlewares/Third_Party/FreeRTOS/tasks.o
                0x08004c9c                vTaskDelay
 .text.vTaskStartScheduler
                0x08004d08       0xd0 ./Middlewares/Third_Party/FreeRTOS/tasks.o
                0x08004d08                vTaskStartScheduler
 .text.vTaskSuspendAll
                0x08004dd8       0x1c ./Middlewares/Third_Party/FreeRTOS/tasks.o
                0x08004dd8                vTaskSuspendAll
 .text.xTaskResumeAll
                0x08004df4      0x13c ./Middlewares/Third_Party/FreeRTOS/tasks.o
                0x08004df4                xTaskResumeAll
 .text.xTaskGetTickCount
                0x08004f30       0x20 ./Middlewares/Third_Party/FreeRTOS/tasks.o
                0x08004f30                xTaskGetTickCount
 .text.xTaskIncrementTick
                0x08004f50      0x174 ./Middlewares/Third_Party/FreeRTOS/tasks.o
                0x08004f50                xTaskIncrementTick
 .text.vTaskSwitchContext
                0x080050c4       0xbc ./Middlewares/Third_Party/FreeRTOS/tasks.o
                0x080050c4                vTaskSwitchContext
 .text.vTaskPlaceOnEventList
                0x08005180       0x4c ./Middlewares/Third_Party/FreeRTOS/tasks.o
                0x08005180                vTaskPlaceOnEventList
 .text.vTaskPlaceOnEventListRestricted
                0x080051cc       0x58 ./Middlewares/Third_Party/FreeRTOS/tasks.o
                0x080051cc                vTaskPlaceOnEventListRestricted
 .text.xTaskRemoveFromEventList
                0x08005224       0xc8 ./Middlewares/Third_Party/FreeRTOS/tasks.o
                0x08005224                xTaskRemoveFromEventList
 .text.vTaskInternalSetTimeOutState
                0x080052ec       0x2c ./Middlewares/Third_Party/FreeRTOS/tasks.o
                0x080052ec                vTaskInternalSetTimeOutState
 .text.xTaskCheckForTimeOut
                0x08005318       0xc8 ./Middlewares/Third_Party/FreeRTOS/tasks.o
                0x08005318                xTaskCheckForTimeOut
 .text.vTaskMissedYield
                0x080053e0       0x18 ./Middlewares/Third_Party/FreeRTOS/tasks.o
                0x080053e0                vTaskMissedYield
 .text.prvIdleTask
                0x080053f8       0x30 ./Middlewares/Third_Party/FreeRTOS/tasks.o
 .text.prvInitialiseTaskLists
                0x08005428       0x80 ./Middlewares/Third_Party/FreeRTOS/tasks.o
 .text.prvCheckTasksWaitingTermination
                0x080054a8       0x5c ./Middlewares/Third_Party/FreeRTOS/tasks.o
 .text.prvDeleteTCB
                0x08005504       0x60 ./Middlewares/Third_Party/FreeRTOS/tasks.o
 .text.prvResetNextTaskUnblockTime
                0x08005564       0x40 ./Middlewares/Third_Party/FreeRTOS/tasks.o
 .text.xTaskGetSchedulerState
                0x080055a4       0x3c ./Middlewares/Third_Party/FreeRTOS/tasks.o
                0x080055a4                xTaskGetSchedulerState
 .text.xTaskPriorityDisinherit
                0x080055e0       0xe0 ./Middlewares/Third_Party/FreeRTOS/tasks.o
                0x080055e0                xTaskPriorityDisinherit
 .text.ulTaskNotifyTake
                0x080056c0       0x90 ./Middlewares/Third_Party/FreeRTOS/tasks.o
                0x080056c0                ulTaskNotifyTake
 .text.xTaskGenericNotify
                0x08005750      0x174 ./Middlewares/Third_Party/FreeRTOS/tasks.o
                0x08005750                xTaskGenericNotify
 .text.prvAddCurrentTaskToDelayedList
                0x080058c4       0xa8 ./Middlewares/Third_Party/FreeRTOS/tasks.o
 .text.xTimerCreateTimerTask
                0x0800596c       0x94 ./Middlewares/Third_Party/FreeRTOS/timers.o
                0x0800596c                xTimerCreateTimerTask
 .text.xTimerGenericCommand
                0x08005a00       0x9c ./Middlewares/Third_Party/FreeRTOS/timers.o
                0x08005a00                xTimerGenericCommand
 .text.prvProcessExpiredTimer
                0x08005a9c       0x9c ./Middlewares/Third_Party/FreeRTOS/timers.o
 .text.prvTimerTask
                0x08005b38       0x26 ./Middlewares/Third_Party/FreeRTOS/timers.o
 *fill*         0x08005b5e        0x2 
 .text.prvProcessTimerOrBlockTask
                0x08005b60       0x9c ./Middlewares/Third_Party/FreeRTOS/timers.o
 .text.prvGetNextExpireTime
                0x08005bfc       0x48 ./Middlewares/Third_Party/FreeRTOS/timers.o
 .text.prvSampleTimeNow
                0x08005c44       0x40 ./Middlewares/Third_Party/FreeRTOS/timers.o
 .text.prvInsertTimerInActiveList
                0x08005c84       0x84 ./Middlewares/Third_Party/FreeRTOS/timers.o
 .text.prvProcessReceivedCommands
                0x08005d08      0x1cc ./Middlewares/Third_Party/FreeRTOS/timers.o
 .text.prvSwitchTimerLists
                0x08005ed4       0xcc ./Middlewares/Third_Party/FreeRTOS/timers.o
 .text.prvCheckForValidListAndQueue
                0x08005fa0       0x80 ./Middlewares/Third_Party/FreeRTOS/timers.o
 .text.metal_list_init
                0x08006020       0x22 ./Middlewares/Third_Party/OpenAMP/device.o
 .text.metal_list_add_before
                0x08006042       0x34 ./Middlewares/Third_Party/OpenAMP/device.o
 .text.metal_list_add_tail
                0x08006076       0x1a ./Middlewares/Third_Party/OpenAMP/device.o
 .text.metal_list_del
                0x08006090       0x36 ./Middlewares/Third_Party/OpenAMP/device.o
 .text.__metal_cache_flush
                0x080060c6       0x1a ./Middlewares/Third_Party/OpenAMP/device.o
 .text.__metal_cache_invalidate
                0x080060e0       0x1a ./Middlewares/Third_Party/OpenAMP/device.o
 .text.metal_cache_flush
                0x080060fa       0x1a ./Middlewares/Third_Party/OpenAMP/device.o
 .text.metal_cache_invalidate
                0x08006114       0x1a ./Middlewares/Third_Party/OpenAMP/device.o
 *fill*         0x0800612e        0x2 
 .text.metal_bus_register
                0x08006130       0x88 ./Middlewares/Third_Party/OpenAMP/device.o
                0x08006130                metal_bus_register
 .text.metal_bus_unregister
                0x080061b8       0x54 ./Middlewares/Third_Party/OpenAMP/device.o
                0x080061b8                metal_bus_unregister
 .text.metal_bus_find
                0x0800620c       0x60 ./Middlewares/Third_Party/OpenAMP/device.o
                0x0800620c                metal_bus_find
 .text.metal_device_open
                0x0800626c       0x7c ./Middlewares/Third_Party/OpenAMP/device.o
                0x0800626c                metal_device_open
 .text.metal_register_generic_device
                0x080062e8       0x4c ./Middlewares/Third_Party/OpenAMP/device.o
                0x080062e8                metal_register_generic_device
 .text.metal_generic_dev_open
                0x08006334       0x60 ./Middlewares/Third_Party/OpenAMP/device.o
                0x08006334                metal_generic_dev_open
 .text.metal_generic_dev_dma_map
                0x08006394       0xa2 ./Middlewares/Third_Party/OpenAMP/device.o
                0x08006394                metal_generic_dev_dma_map
 .text.metal_generic_dev_dma_unmap
                0x08006436       0x56 ./Middlewares/Third_Party/OpenAMP/device.o
                0x08006436                metal_generic_dev_dma_unmap
 .text.metal_generic_dev_sys_open
                0x0800648c       0x4e ./Middlewares/Third_Party/OpenAMP/generic_device.o
                0x0800648c                metal_generic_dev_sys_open
 *fill*         0x080064da        0x2 
 .text.metal_sys_init
                0x080064dc       0x1c ./Middlewares/Third_Party/OpenAMP/generic_init.o
                0x080064dc                metal_sys_init
 .text.metal_sys_finish
                0x080064f8       0x14 ./Middlewares/Third_Party/OpenAMP/generic_init.o
                0x080064f8                metal_sys_finish
 .text.metal_sys_io_mem_map
                0x0800650c       0x7c ./Middlewares/Third_Party/OpenAMP/generic_io.o
                0x0800650c                metal_sys_io_mem_map
 .text.metal_list_init
                0x08006588       0x22 ./Middlewares/Third_Party/OpenAMP/init.o
 *fill*         0x080065aa        0x2 
 .text.metal_init
                0x080065ac       0x64 ./Middlewares/Third_Party/OpenAMP/init.o
                0x080065ac                metal_init
 .text.metal_finish
                0x08006610       0x1c ./Middlewares/Third_Party/OpenAMP/init.o
                0x08006610                metal_finish
 .text.metal_io_virt
                0x0800662c       0x36 ./Middlewares/Third_Party/OpenAMP/io.o
 .text.metal_io_init
                0x08006662       0x9e ./Middlewares/Third_Party/OpenAMP/io.o
                0x08006662                metal_io_init
 .text.metal_io_block_read
                0x08006700       0xee ./Middlewares/Third_Party/OpenAMP/io.o
                0x08006700                metal_io_block_read
 .text.metal_io_block_write
                0x080067ee       0xec ./Middlewares/Third_Party/OpenAMP/io.o
                0x080067ee                metal_io_block_write
 .text.metal_io_block_set
                0x080068da       0xf2 ./Middlewares/Third_Party/OpenAMP/io.o
                0x080068da                metal_io_block_set
 .text.metal_default_log_handler
                0x080069cc       0x1a ./Middlewares/Third_Party/OpenAMP/log.o
                0x080069cc                metal_default_log_handler
 .text.metal_io_virt
                0x080069e6       0x36 ./Middlewares/Third_Party/OpenAMP/remoteproc_virtio.o
 .text.metal_io_virt_to_offset
                0x08006a1c       0x32 ./Middlewares/Third_Party/OpenAMP/remoteproc_virtio.o
 *fill*         0x08006a4e        0x2 
 .text.metal_io_read
                0x08006a50      0x104 ./Middlewares/Third_Party/OpenAMP/remoteproc_virtio.o
 .text.metal_io_write
                0x08006b54       0xec ./Middlewares/Third_Party/OpenAMP/remoteproc_virtio.o
 .text.metal_allocate_memory
                0x08006c40       0x18 ./Middlewares/Third_Party/OpenAMP/remoteproc_virtio.o
 .text.metal_free_memory
                0x08006c58       0x16 ./Middlewares/Third_Party/OpenAMP/remoteproc_virtio.o
 .text.virtqueue_allocate
                0x08006c6e       0x32 ./Middlewares/Third_Party/OpenAMP/remoteproc_virtio.o
 .text.rproc_virtio_virtqueue_notify
                0x08006ca0       0x68 ./Middlewares/Third_Party/OpenAMP/remoteproc_virtio.o
 .text.rproc_virtio_get_status
                0x08006d08       0x44 ./Middlewares/Third_Party/OpenAMP/remoteproc_virtio.o
 .text.rproc_virtio_set_status
                0x08006d4c       0x5e ./Middlewares/Third_Party/OpenAMP/remoteproc_virtio.o
 .text.rproc_virtio_get_features
                0x08006daa       0x44 ./Middlewares/Third_Party/OpenAMP/remoteproc_virtio.o
 .text.rproc_virtio_set_features
                0x08006dee       0x5c ./Middlewares/Third_Party/OpenAMP/remoteproc_virtio.o
 .text.rproc_virtio_negotiate_features
                0x08006e4a       0x18 ./Middlewares/Third_Party/OpenAMP/remoteproc_virtio.o
 .text.rproc_virtio_read_config
                0x08006e62       0x1a ./Middlewares/Third_Party/OpenAMP/remoteproc_virtio.o
 .text.rproc_virtio_write_config
                0x08006e7c       0x1a ./Middlewares/Third_Party/OpenAMP/remoteproc_virtio.o
 .text.rproc_virtio_reset_device
                0x08006e96       0x20 ./Middlewares/Third_Party/OpenAMP/remoteproc_virtio.o
 *fill*         0x08006eb6        0x2 
 .text.rproc_virtio_create_vdev
                0x08006eb8      0x15c ./Middlewares/Third_Party/OpenAMP/remoteproc_virtio.o
                0x08006eb8                rproc_virtio_create_vdev
 .text.rproc_virtio_init_vring
                0x08007014       0x62 ./Middlewares/Third_Party/OpenAMP/remoteproc_virtio.o
                0x08007014                rproc_virtio_init_vring
 .text.rproc_virtio_notified
                0x08007076       0x78 ./Middlewares/Third_Party/OpenAMP/remoteproc_virtio.o
                0x08007076                rproc_virtio_notified
 .text.rproc_virtio_wait_remote_ready
                0x080070ee       0x32 ./Middlewares/Third_Party/OpenAMP/remoteproc_virtio.o
                0x080070ee                rproc_virtio_wait_remote_ready
 .text.__metal_mutex_acquire
                0x08007120       0x38 ./Middlewares/Third_Party/OpenAMP/rpmsg.o
 .text.__metal_mutex_release
                0x08007158       0x22 ./Middlewares/Third_Party/OpenAMP/rpmsg.o
 .text.metal_mutex_acquire
                0x0800717a       0x16 ./Middlewares/Third_Party/OpenAMP/rpmsg.o
 .text.metal_mutex_release
                0x08007190       0x16 ./Middlewares/Third_Party/OpenAMP/rpmsg.o
 .text.metal_list_add_before
                0x080071a6       0x34 ./Middlewares/Third_Party/OpenAMP/rpmsg.o
 .text.metal_list_add_tail
                0x080071da       0x1a ./Middlewares/Third_Party/OpenAMP/rpmsg.o
 .text.metal_list_del
                0x080071f4       0x36 ./Middlewares/Third_Party/OpenAMP/rpmsg.o
 .text.metal_bitmap_set_bit
                0x0800722a       0x38 ./Middlewares/Third_Party/OpenAMP/rpmsg.o
 .text.metal_bitmap_is_bit_set
                0x08007262       0x30 ./Middlewares/Third_Party/OpenAMP/rpmsg.o
 .text.metal_bitmap_clear_bit
                0x08007292       0x3a ./Middlewares/Third_Party/OpenAMP/rpmsg.o
 .text.metal_bitmap_is_bit_clear
                0x080072cc       0x26 ./Middlewares/Third_Party/OpenAMP/rpmsg.o
 .text.metal_bitmap_next_clear_bit
                0x080072f2       0x3a ./Middlewares/Third_Party/OpenAMP/rpmsg.o
 .text.rpmsg_init_ept
                0x0800732c       0x3a ./Middlewares/Third_Party/OpenAMP/rpmsg.o
 .text.rpmsg_get_address
                0x08007366       0x3e ./Middlewares/Third_Party/OpenAMP/rpmsg.o
 .text.rpmsg_release_address
                0x080073a4       0x24 ./Middlewares/Third_Party/OpenAMP/rpmsg.o
 .text.rpmsg_is_address_set
                0x080073c8       0x30 ./Middlewares/Third_Party/OpenAMP/rpmsg.o
 .text.rpmsg_set_address
                0x080073f8       0x30 ./Middlewares/Third_Party/OpenAMP/rpmsg.o
 .text.rpmsg_send_offchannel_raw
                0x08007428       0x64 ./Middlewares/Third_Party/OpenAMP/rpmsg.o
                0x08007428                rpmsg_send_offchannel_raw
 .text.rpmsg_send_ns_message
                0x0800748c       0x50 ./Middlewares/Third_Party/OpenAMP/rpmsg.o
                0x0800748c                rpmsg_send_ns_message
 .text.rpmsg_get_endpoint
                0x080074dc       0xc0 ./Middlewares/Third_Party/OpenAMP/rpmsg.o
                0x080074dc                rpmsg_get_endpoint
 .text.rpmsg_unregister_endpoint
                0x0800759c       0x44 ./Middlewares/Third_Party/OpenAMP/rpmsg.o
 .text.rpmsg_register_endpoint
                0x080075e0       0x28 ./Middlewares/Third_Party/OpenAMP/rpmsg.o
                0x080075e0                rpmsg_register_endpoint
 .text.rpmsg_create_ept
                0x08007608       0xfc ./Middlewares/Third_Party/OpenAMP/rpmsg.o
                0x08007608                rpmsg_create_ept
 .text.rpmsg_destroy_ept
                0x08007704       0x48 ./Middlewares/Third_Party/OpenAMP/rpmsg.o
                0x08007704                rpmsg_destroy_ept
 .text.__metal_cache_invalidate
                0x0800774c       0x1a ./Middlewares/Third_Party/OpenAMP/rpmsg_virtio.o
 .text.metal_cache_invalidate
                0x08007766       0x1a ./Middlewares/Third_Party/OpenAMP/rpmsg_virtio.o
 .text.__metal_sleep_usec
                0x08007780       0x16 ./Middlewares/Third_Party/OpenAMP/rpmsg_virtio.o
 .text.metal_sleep_usec
                0x08007796       0x18 ./Middlewares/Third_Party/OpenAMP/rpmsg_virtio.o
 .text.metal_list_init
                0x080077ae       0x22 ./Middlewares/Third_Party/OpenAMP/rpmsg_virtio.o
 .text.metal_list_is_empty
                0x080077d0       0x24 ./Middlewares/Third_Party/OpenAMP/rpmsg_virtio.o
 .text.metal_io_virt_to_offset
                0x080077f4       0x32 ./Middlewares/Third_Party/OpenAMP/rpmsg_virtio.o
 .text.__metal_mutex_init
                0x08007826       0x2c ./Middlewares/Third_Party/OpenAMP/rpmsg_virtio.o
 .text.__metal_mutex_deinit
                0x08007852       0x14 ./Middlewares/Third_Party/OpenAMP/rpmsg_virtio.o
 .text.__metal_mutex_acquire
                0x08007866       0x38 ./Middlewares/Third_Party/OpenAMP/rpmsg_virtio.o
 .text.__metal_mutex_release
                0x0800789e       0x22 ./Middlewares/Third_Party/OpenAMP/rpmsg_virtio.o
 .text.metal_mutex_init
                0x080078c0       0x16 ./Middlewares/Third_Party/OpenAMP/rpmsg_virtio.o
 .text.metal_mutex_deinit
                0x080078d6       0x16 ./Middlewares/Third_Party/OpenAMP/rpmsg_virtio.o
 .text.metal_mutex_acquire
                0x080078ec       0x16 ./Middlewares/Third_Party/OpenAMP/rpmsg_virtio.o
 .text.metal_mutex_release
                0x08007902       0x16 ./Middlewares/Third_Party/OpenAMP/rpmsg_virtio.o
 .text.rpmsg_init_ept
                0x08007918       0x3a ./Middlewares/Third_Party/OpenAMP/rpmsg_virtio.o
 .text.rpmsg_virtio_get_role
                0x08007952       0x1a ./Middlewares/Third_Party/OpenAMP/rpmsg_virtio.o
 .text.rpmsg_virtio_set_status
                0x0800796c       0x26 ./Middlewares/Third_Party/OpenAMP/rpmsg_virtio.o
 .text.rpmsg_virtio_get_status
                0x08007992       0x22 ./Middlewares/Third_Party/OpenAMP/rpmsg_virtio.o
 .text.rpmsg_virtio_get_features
                0x080079b4       0x22 ./Middlewares/Third_Party/OpenAMP/rpmsg_virtio.o
 .text.rpmsg_virtio_create_virtqueues
                0x080079d6       0x2a ./Middlewares/Third_Party/OpenAMP/rpmsg_virtio.o
 .text.rpmsg_get_ept_from_addr
                0x08007a00       0x22 ./Middlewares/Third_Party/OpenAMP/rpmsg_virtio.o
 .text.rpmsg_virtio_shm_pool_get_buffer
                0x08007a22       0x44 ./Middlewares/Third_Party/OpenAMP/rpmsg_virtio.o
                0x08007a22                rpmsg_virtio_shm_pool_get_buffer
 .text.rpmsg_virtio_init_shm_pool
                0x08007a66       0x5a ./Middlewares/Third_Party/OpenAMP/rpmsg_virtio.o
                0x08007a66                rpmsg_virtio_init_shm_pool
 .text.rpmsg_virtio_return_buffer
                0x08007ac0       0x40 ./Middlewares/Third_Party/OpenAMP/rpmsg_virtio.o
 .text.rpmsg_virtio_enqueue_buffer
                0x08007b00       0x46 ./Middlewares/Third_Party/OpenAMP/rpmsg_virtio.o
 .text.rpmsg_virtio_get_tx_buffer
                0x08007b46       0x56 ./Middlewares/Third_Party/OpenAMP/rpmsg_virtio.o
 .text.rpmsg_virtio_get_rx_buffer
                0x08007b9c       0x4a ./Middlewares/Third_Party/OpenAMP/rpmsg_virtio.o
 .text._rpmsg_virtio_get_buffer_size
                0x08007be6       0x2a ./Middlewares/Third_Party/OpenAMP/rpmsg_virtio.o
 .text.rpmsg_virtio_send_offchannel_raw
                0x08007c10      0x154 ./Middlewares/Third_Party/OpenAMP/rpmsg_virtio.o
 .text.rpmsg_virtio_tx_callback
                0x08007d64       0x14 ./Middlewares/Third_Party/OpenAMP/rpmsg_virtio.o
 .text.rpmsg_virtio_rx_callback
                0x08007d78       0xec ./Middlewares/Third_Party/OpenAMP/rpmsg_virtio.o
 .text.rpmsg_virtio_ns_callback
                0x08007e64       0xe4 ./Middlewares/Third_Party/OpenAMP/rpmsg_virtio.o
 .text.rpmsg_init_vdev
                0x08007f48      0x1d4 ./Middlewares/Third_Party/OpenAMP/rpmsg_virtio.o
                0x08007f48                rpmsg_init_vdev
 .text.rpmsg_deinit_vdev
                0x0800811c       0x4c ./Middlewares/Third_Party/OpenAMP/rpmsg_virtio.o
                0x0800811c                rpmsg_deinit_vdev
 .text.metal_machine_cache_flush
                0x08008168       0x16 ./Middlewares/Third_Party/OpenAMP/sys.o
                0x08008168                metal_machine_cache_flush
 .text.metal_machine_cache_invalidate
                0x0800817e       0x16 ./Middlewares/Third_Party/OpenAMP/sys.o
                0x0800817e                metal_machine_cache_invalidate
 .text.metal_machine_io_mem_map
                0x08008194       0x1c ./Middlewares/Third_Party/OpenAMP/sys.o
                0x08008194                metal_machine_io_mem_map
 .text.vring_size
                0x080081b0       0x46 ./Middlewares/Third_Party/OpenAMP/virtio.o
 .text.metal_io_virt_to_offset
                0x080081f6       0x32 ./Middlewares/Third_Party/OpenAMP/virtio.o
 .text.virtio_create_virtqueues
                0x08008228       0xd2 ./Middlewares/Third_Party/OpenAMP/virtio.o
                0x08008228                virtio_create_virtqueues
 .text.vring_init
                0x080082fa       0x52 ./Middlewares/Third_Party/OpenAMP/virtqueue.o
 .text.vring_need_event
                0x0800834c       0x3c ./Middlewares/Third_Party/OpenAMP/virtqueue.o
 .text.metal_io_virt_to_offset
                0x08008388       0x32 ./Middlewares/Third_Party/OpenAMP/virtqueue.o
 .text.metal_io_phys
                0x080083ba       0x5c ./Middlewares/Third_Party/OpenAMP/virtqueue.o
 .text.metal_io_virt_to_phys
                0x08008416       0x26 ./Middlewares/Third_Party/OpenAMP/virtqueue.o
 .text.virtqueue_virt_to_phys
                0x0800843c       0x22 ./Middlewares/Third_Party/OpenAMP/virtqueue.o
 .text.virtqueue_create
                0x0800845e       0x68 ./Middlewares/Third_Party/OpenAMP/virtqueue.o
                0x0800845e                virtqueue_create
 .text.virtqueue_add_buffer
                0x080084c6       0x88 ./Middlewares/Third_Party/OpenAMP/virtqueue.o
                0x080084c6                virtqueue_add_buffer
 .text.virtqueue_get_buffer
                0x0800854e       0xa0 ./Middlewares/Third_Party/OpenAMP/virtqueue.o
                0x0800854e                virtqueue_get_buffer
 .text.virtqueue_disable_cb
                0x080085ee       0x54 ./Middlewares/Third_Party/OpenAMP/virtqueue.o
                0x080085ee                virtqueue_disable_cb
 .text.virtqueue_kick
                0x08008642       0x2c ./Middlewares/Third_Party/OpenAMP/virtqueue.o
                0x08008642                virtqueue_kick
 .text.vq_ring_add_buffer
                0x0800866e       0xae ./Middlewares/Third_Party/OpenAMP/virtqueue.o
 .text.vq_ring_free_chain
                0x0800871c       0x8e ./Middlewares/Third_Party/OpenAMP/virtqueue.o
 .text.vq_ring_init
                0x080087aa       0x66 ./Middlewares/Third_Party/OpenAMP/virtqueue.o
 .text.vq_ring_update_avail
                0x08008810       0x5a ./Middlewares/Third_Party/OpenAMP/virtqueue.o
 .text.virtqueue_notification
                0x0800886a       0x24 ./Middlewares/Third_Party/OpenAMP/virtqueue.o
                0x0800886a                virtqueue_notification
 .text.vq_ring_must_notify_host
                0x0800888e       0x6c ./Middlewares/Third_Party/OpenAMP/virtqueue.o
 .text.vq_ring_notify_host
                0x080088fa       0x20 ./Middlewares/Third_Party/OpenAMP/virtqueue.o
 *fill*         0x0800891a        0x2 
 .text.HAL_HSEM_FreeCallback
                0x0800891c       0x20 ./OPENAMP/mbox_hsem.o
                0x0800891c                HAL_HSEM_FreeCallback
 .text.MAILBOX_Init
                0x0800893c       0x38 ./OPENAMP/mbox_hsem.o
                0x0800893c                MAILBOX_Init
 .text.MAILBOX_Poll
                0x08008974       0x34 ./OPENAMP/mbox_hsem.o
                0x08008974                MAILBOX_Poll
 .text.MAILBOX_Notify
                0x080089a8       0x22 ./OPENAMP/mbox_hsem.o
                0x080089a8                MAILBOX_Notify
 .text.is_rpmsg_ept_ready
                0x080089ca       0x2e ./OPENAMP/openamp.o
 .text.metal_device_io_region
                0x080089f8       0x36 ./OPENAMP/openamp.o
 *fill*         0x08008a2e        0x2 
 .text.OPENAMP_shmem_init
                0x08008a30      0x140 ./OPENAMP/openamp.o
 .text.MX_OPENAMP_Init
                0x08008b70      0x12c ./OPENAMP/openamp.o
                0x08008b70                MX_OPENAMP_Init
 .text.OPENAMP_DeInit
                0x08008c9c       0x18 ./OPENAMP/openamp.o
                0x08008c9c                OPENAMP_DeInit
 .text.OPENAMP_create_endpoint
                0x08008cb4       0x3c ./OPENAMP/openamp.o
                0x08008cb4                OPENAMP_create_endpoint
 .text.OPENAMP_check_for_message
                0x08008cf0       0x18 ./OPENAMP/openamp.o
                0x08008cf0                OPENAMP_check_for_message
 .text.OPENAMP_Wait_EndPointready
                0x08008d08       0x30 ./OPENAMP/openamp.o
                0x08008d08                OPENAMP_Wait_EndPointready
 .text.resource_table_init
                0x08008d38       0x94 ./OPENAMP/rsc_table.o
                0x08008d38                resource_table_init
 .text.__assert_func
                0x08008dcc       0x3c C:/ST/STM32CubeIDE_1.16.1/STM32CubeIDE/plugins/com.st.stm32cube.ide.mcu.externaltools.gnu-tools-for-stm32.12.3.rel1.win32_1.0.200.202406191623/tools/bin/../lib/gcc/arm-none-eabi/12.3.1/../../../../arm-none-eabi/lib/thumb/v7e-m+dp/hard\libc_nano.a(libc_a-assert.o)
                0x08008dcc                __assert_func
 .text.malloc   0x08008e08       0x10 C:/ST/STM32CubeIDE_1.16.1/STM32CubeIDE/plugins/com.st.stm32cube.ide.mcu.externaltools.gnu-tools-for-stm32.12.3.rel1.win32_1.0.200.202406191623/tools/bin/../lib/gcc/arm-none-eabi/12.3.1/../../../../arm-none-eabi/lib/thumb/v7e-m+dp/hard\libc_nano.a(libc_a-malloc.o)
                0x08008e08                malloc
 .text.free     0x08008e18       0x10 C:/ST/STM32CubeIDE_1.16.1/STM32CubeIDE/plugins/com.st.stm32cube.ide.mcu.externaltools.gnu-tools-for-stm32.12.3.rel1.win32_1.0.200.202406191623/tools/bin/../lib/gcc/arm-none-eabi/12.3.1/../../../../arm-none-eabi/lib/thumb/v7e-m+dp/hard\libc_nano.a(libc_a-malloc.o)
                0x08008e18                free
 .text.sbrk_aligned
                0x08008e28       0x44 C:/ST/STM32CubeIDE_1.16.1/STM32CubeIDE/plugins/com.st.stm32cube.ide.mcu.externaltools.gnu-tools-for-stm32.12.3.rel1.win32_1.0.200.202406191623/tools/bin/../lib/gcc/arm-none-eabi/12.3.1/../../../../arm-none-eabi/lib/thumb/v7e-m+dp/hard\libc_nano.a(libc_a-mallocr.o)
 .text._malloc_r
                0x08008e6c      0x100 C:/ST/STM32CubeIDE_1.16.1/STM32CubeIDE/plugins/com.st.stm32cube.ide.mcu.externaltools.gnu-tools-for-stm32.12.3.rel1.win32_1.0.200.202406191623/tools/bin/../lib/gcc/arm-none-eabi/12.3.1/../../../../arm-none-eabi/lib/thumb/v7e-m+dp/hard\libc_nano.a(libc_a-mallocr.o)
                0x08008e6c                _malloc_r
 .text.__malloc_lock
                0x08008f6c        0xc C:/ST/STM32CubeIDE_1.16.1/STM32CubeIDE/plugins/com.st.stm32cube.ide.mcu.externaltools.gnu-tools-for-stm32.12.3.rel1.win32_1.0.200.202406191623/tools/bin/../lib/gcc/arm-none-eabi/12.3.1/../../../../arm-none-eabi/lib/thumb/v7e-m+dp/hard\libc_nano.a(libc_a-mlock.o)
                0x08008f6c                __malloc_lock
 .text.__malloc_unlock
                0x08008f78        0xc C:/ST/STM32CubeIDE_1.16.1/STM32CubeIDE/plugins/com.st.stm32cube.ide.mcu.externaltools.gnu-tools-for-stm32.12.3.rel1.win32_1.0.200.202406191623/tools/bin/../lib/gcc/arm-none-eabi/12.3.1/../../../../arm-none-eabi/lib/thumb/v7e-m+dp/hard\libc_nano.a(libc_a-mlock.o)
                0x08008f78                __malloc_unlock
 .text.__cvt    0x08008f84       0xa8 C:/ST/STM32CubeIDE_1.16.1/STM32CubeIDE/plugins/com.st.stm32cube.ide.mcu.externaltools.gnu-tools-for-stm32.12.3.rel1.win32_1.0.200.202406191623/tools/bin/../lib/gcc/arm-none-eabi/12.3.1/../../../../arm-none-eabi/lib/thumb/v7e-m+dp/hard\libc_nano.a(libc_a-nano-vfprintf_float.o)
                0x08008f84                __cvt
 .text.__exponent
                0x0800902c       0x74 C:/ST/STM32CubeIDE_1.16.1/STM32CubeIDE/plugins/com.st.stm32cube.ide.mcu.externaltools.gnu-tools-for-stm32.12.3.rel1.win32_1.0.200.202406191623/tools/bin/../lib/gcc/arm-none-eabi/12.3.1/../../../../arm-none-eabi/lib/thumb/v7e-m+dp/hard\libc_nano.a(libc_a-nano-vfprintf_float.o)
                0x0800902c                __exponent
 .text._printf_float
                0x080090a0      0x434 C:/ST/STM32CubeIDE_1.16.1/STM32CubeIDE/plugins/com.st.stm32cube.ide.mcu.externaltools.gnu-tools-for-stm32.12.3.rel1.win32_1.0.200.202406191623/tools/bin/../lib/gcc/arm-none-eabi/12.3.1/../../../../arm-none-eabi/lib/thumb/v7e-m+dp/hard\libc_nano.a(libc_a-nano-vfprintf_float.o)
                0x080090a0                _printf_float
 .text._printf_common
                0x080094d4       0xda C:/ST/STM32CubeIDE_1.16.1/STM32CubeIDE/plugins/com.st.stm32cube.ide.mcu.externaltools.gnu-tools-for-stm32.12.3.rel1.win32_1.0.200.202406191623/tools/bin/../lib/gcc/arm-none-eabi/12.3.1/../../../../arm-none-eabi/lib/thumb/v7e-m+dp/hard\libc_nano.a(libc_a-nano-vfprintf_i.o)
                0x080094d4                _printf_common
 *fill*         0x080095ae        0x2 
 .text._printf_i
                0x080095b0      0x240 C:/ST/STM32CubeIDE_1.16.1/STM32CubeIDE/plugins/com.st.stm32cube.ide.mcu.externaltools.gnu-tools-for-stm32.12.3.rel1.win32_1.0.200.202406191623/tools/bin/../lib/gcc/arm-none-eabi/12.3.1/../../../../arm-none-eabi/lib/thumb/v7e-m+dp/hard\libc_nano.a(libc_a-nano-vfprintf_i.o)
                0x080095b0                _printf_i
 .text._scanf_float
                0x080097f0      0x418 C:/ST/STM32CubeIDE_1.16.1/STM32CubeIDE/plugins/com.st.stm32cube.ide.mcu.externaltools.gnu-tools-for-stm32.12.3.rel1.win32_1.0.200.202406191623/tools/bin/../lib/gcc/arm-none-eabi/12.3.1/../../../../arm-none-eabi/lib/thumb/v7e-m+dp/hard\libc_nano.a(libc_a-nano-vfscanf_float.o)
                0x080097f0                _scanf_float
 .text.std      0x08009c08       0x6c C:/ST/STM32CubeIDE_1.16.1/STM32CubeIDE/plugins/com.st.stm32cube.ide.mcu.externaltools.gnu-tools-for-stm32.12.3.rel1.win32_1.0.200.202406191623/tools/bin/../lib/gcc/arm-none-eabi/12.3.1/../../../../arm-none-eabi/lib/thumb/v7e-m+dp/hard\libc_nano.a(libc_a-findfp.o)
 .text.stdio_exit_handler
                0x08009c74       0x18 C:/ST/STM32CubeIDE_1.16.1/STM32CubeIDE/plugins/com.st.stm32cube.ide.mcu.externaltools.gnu-tools-for-stm32.12.3.rel1.win32_1.0.200.202406191623/tools/bin/../lib/gcc/arm-none-eabi/12.3.1/../../../../arm-none-eabi/lib/thumb/v7e-m+dp/hard\libc_nano.a(libc_a-findfp.o)
 .text.cleanup_stdio
                0x08009c8c       0x40 C:/ST/STM32CubeIDE_1.16.1/STM32CubeIDE/plugins/com.st.stm32cube.ide.mcu.externaltools.gnu-tools-for-stm32.12.3.rel1.win32_1.0.200.202406191623/tools/bin/../lib/gcc/arm-none-eabi/12.3.1/../../../../arm-none-eabi/lib/thumb/v7e-m+dp/hard\libc_nano.a(libc_a-findfp.o)
 .text.global_stdio_init.part.0
                0x08009ccc       0x3c C:/ST/STM32CubeIDE_1.16.1/STM32CubeIDE/plugins/com.st.stm32cube.ide.mcu.externaltools.gnu-tools-for-stm32.12.3.rel1.win32_1.0.200.202406191623/tools/bin/../lib/gcc/arm-none-eabi/12.3.1/../../../../arm-none-eabi/lib/thumb/v7e-m+dp/hard\libc_nano.a(libc_a-findfp.o)
 .text.__sfp_lock_acquire
                0x08009d08        0xc C:/ST/STM32CubeIDE_1.16.1/STM32CubeIDE/plugins/com.st.stm32cube.ide.mcu.externaltools.gnu-tools-for-stm32.12.3.rel1.win32_1.0.200.202406191623/tools/bin/../lib/gcc/arm-none-eabi/12.3.1/../../../../arm-none-eabi/lib/thumb/v7e-m+dp/hard\libc_nano.a(libc_a-findfp.o)
                0x08009d08                __sfp_lock_acquire
 .text.__sfp_lock_release
                0x08009d14        0xc C:/ST/STM32CubeIDE_1.16.1/STM32CubeIDE/plugins/com.st.stm32cube.ide.mcu.externaltools.gnu-tools-for-stm32.12.3.rel1.win32_1.0.200.202406191623/tools/bin/../lib/gcc/arm-none-eabi/12.3.1/../../../../arm-none-eabi/lib/thumb/v7e-m+dp/hard\libc_nano.a(libc_a-findfp.o)
                0x08009d14                __sfp_lock_release
 .text.__sinit  0x08009d20       0x30 C:/ST/STM32CubeIDE_1.16.1/STM32CubeIDE/plugins/com.st.stm32cube.ide.mcu.externaltools.gnu-tools-for-stm32.12.3.rel1.win32_1.0.200.202406191623/tools/bin/../lib/gcc/arm-none-eabi/12.3.1/../../../../arm-none-eabi/lib/thumb/v7e-m+dp/hard\libc_nano.a(libc_a-findfp.o)
                0x08009d20                __sinit
 .text.fprintf  0x08009d50       0x24 C:/ST/STM32CubeIDE_1.16.1/STM32CubeIDE/plugins/com.st.stm32cube.ide.mcu.externaltools.gnu-tools-for-stm32.12.3.rel1.win32_1.0.200.202406191623/tools/bin/../lib/gcc/arm-none-eabi/12.3.1/../../../../arm-none-eabi/lib/thumb/v7e-m+dp/hard\libc_nano.a(libc_a-fprintf.o)
                0x08009d50                fiprintf
                0x08009d50                fprintf
 .text._fwalk_sglue
                0x08009d74       0x3c C:/ST/STM32CubeIDE_1.16.1/STM32CubeIDE/plugins/com.st.stm32cube.ide.mcu.externaltools.gnu-tools-for-stm32.12.3.rel1.win32_1.0.200.202406191623/tools/bin/../lib/gcc/arm-none-eabi/12.3.1/../../../../arm-none-eabi/lib/thumb/v7e-m+dp/hard\libc_nano.a(libc_a-fwalk.o)
                0x08009d74                _fwalk_sglue
 .text.sprintf  0x08009db0       0x40 C:/ST/STM32CubeIDE_1.16.1/STM32CubeIDE/plugins/com.st.stm32cube.ide.mcu.externaltools.gnu-tools-for-stm32.12.3.rel1.win32_1.0.200.202406191623/tools/bin/../lib/gcc/arm-none-eabi/12.3.1/../../../../arm-none-eabi/lib/thumb/v7e-m+dp/hard\libc_nano.a(libc_a-sprintf.o)
                0x08009db0                siprintf
                0x08009db0                sprintf
 .text.__sread  0x08009df0       0x22 C:/ST/STM32CubeIDE_1.16.1/STM32CubeIDE/plugins/com.st.stm32cube.ide.mcu.externaltools.gnu-tools-for-stm32.12.3.rel1.win32_1.0.200.202406191623/tools/bin/../lib/gcc/arm-none-eabi/12.3.1/../../../../arm-none-eabi/lib/thumb/v7e-m+dp/hard\libc_nano.a(libc_a-stdio.o)
                0x08009df0                __sread
 .text.__swrite
                0x08009e12       0x38 C:/ST/STM32CubeIDE_1.16.1/STM32CubeIDE/plugins/com.st.stm32cube.ide.mcu.externaltools.gnu-tools-for-stm32.12.3.rel1.win32_1.0.200.202406191623/tools/bin/../lib/gcc/arm-none-eabi/12.3.1/../../../../arm-none-eabi/lib/thumb/v7e-m+dp/hard\libc_nano.a(libc_a-stdio.o)
                0x08009e12                __swrite
 .text.__sseek  0x08009e4a       0x24 C:/ST/STM32CubeIDE_1.16.1/STM32CubeIDE/plugins/com.st.stm32cube.ide.mcu.externaltools.gnu-tools-for-stm32.12.3.rel1.win32_1.0.200.202406191623/tools/bin/../lib/gcc/arm-none-eabi/12.3.1/../../../../arm-none-eabi/lib/thumb/v7e-m+dp/hard\libc_nano.a(libc_a-stdio.o)
                0x08009e4a                __sseek
 .text.__sclose
                0x08009e6e        0x8 C:/ST/STM32CubeIDE_1.16.1/STM32CubeIDE/plugins/com.st.stm32cube.ide.mcu.externaltools.gnu-tools-for-stm32.12.3.rel1.win32_1.0.200.202406191623/tools/bin/../lib/gcc/arm-none-eabi/12.3.1/../../../../arm-none-eabi/lib/thumb/v7e-m+dp/hard\libc_nano.a(libc_a-stdio.o)
                0x08009e6e                __sclose
 .text.memset   0x08009e76       0x10 C:/ST/STM32CubeIDE_1.16.1/STM32CubeIDE/plugins/com.st.stm32cube.ide.mcu.externaltools.gnu-tools-for-stm32.12.3.rel1.win32_1.0.200.202406191623/tools/bin/../lib/gcc/arm-none-eabi/12.3.1/../../../../arm-none-eabi/lib/thumb/v7e-m+dp/hard\libc_nano.a(libc_a-memset.o)
                0x08009e76                memset
 .text.strncmp  0x08009e86       0x24 C:/ST/STM32CubeIDE_1.16.1/STM32CubeIDE/plugins/com.st.stm32cube.ide.mcu.externaltools.gnu-tools-for-stm32.12.3.rel1.win32_1.0.200.202406191623/tools/bin/../lib/gcc/arm-none-eabi/12.3.1/../../../../arm-none-eabi/lib/thumb/v7e-m+dp/hard\libc_nano.a(libc_a-strncmp.o)
                0x08009e86                strncmp
 .text.strncpy  0x08009eaa       0x26 C:/ST/STM32CubeIDE_1.16.1/STM32CubeIDE/plugins/com.st.stm32cube.ide.mcu.externaltools.gnu-tools-for-stm32.12.3.rel1.win32_1.0.200.202406191623/tools/bin/../lib/gcc/arm-none-eabi/12.3.1/../../../../arm-none-eabi/lib/thumb/v7e-m+dp/hard\libc_nano.a(libc_a-strncpy.o)
                0x08009eaa                strncpy
 .text._localeconv_r
                0x08009ed0        0x8 C:/ST/STM32CubeIDE_1.16.1/STM32CubeIDE/plugins/com.st.stm32cube.ide.mcu.externaltools.gnu-tools-for-stm32.12.3.rel1.win32_1.0.200.202406191623/tools/bin/../lib/gcc/arm-none-eabi/12.3.1/../../../../arm-none-eabi/lib/thumb/v7e-m+dp/hard\libc_nano.a(libc_a-localeconv.o)
                0x08009ed0                _localeconv_r
 .text._close_r
                0x08009ed8       0x20 C:/ST/STM32CubeIDE_1.16.1/STM32CubeIDE/plugins/com.st.stm32cube.ide.mcu.externaltools.gnu-tools-for-stm32.12.3.rel1.win32_1.0.200.202406191623/tools/bin/../lib/gcc/arm-none-eabi/12.3.1/../../../../arm-none-eabi/lib/thumb/v7e-m+dp/hard\libc_nano.a(libc_a-closer.o)
                0x08009ed8                _close_r
 .text._lseek_r
                0x08009ef8       0x24 C:/ST/STM32CubeIDE_1.16.1/STM32CubeIDE/plugins/com.st.stm32cube.ide.mcu.externaltools.gnu-tools-for-stm32.12.3.rel1.win32_1.0.200.202406191623/tools/bin/../lib/gcc/arm-none-eabi/12.3.1/../../../../arm-none-eabi/lib/thumb/v7e-m+dp/hard\libc_nano.a(libc_a-lseekr.o)
                0x08009ef8                _lseek_r
 .text._read_r  0x08009f1c       0x24 C:/ST/STM32CubeIDE_1.16.1/STM32CubeIDE/plugins/com.st.stm32cube.ide.mcu.externaltools.gnu-tools-for-stm32.12.3.rel1.win32_1.0.200.202406191623/tools/bin/../lib/gcc/arm-none-eabi/12.3.1/../../../../arm-none-eabi/lib/thumb/v7e-m+dp/hard\libc_nano.a(libc_a-readr.o)
                0x08009f1c                _read_r
 .text._sbrk_r  0x08009f40       0x20 C:/ST/STM32CubeIDE_1.16.1/STM32CubeIDE/plugins/com.st.stm32cube.ide.mcu.externaltools.gnu-tools-for-stm32.12.3.rel1.win32_1.0.200.202406191623/tools/bin/../lib/gcc/arm-none-eabi/12.3.1/../../../../arm-none-eabi/lib/thumb/v7e-m+dp/hard\libc_nano.a(libc_a-sbrkr.o)
                0x08009f40                _sbrk_r
 .text._write_r
                0x08009f60       0x24 C:/ST/STM32CubeIDE_1.16.1/STM32CubeIDE/plugins/com.st.stm32cube.ide.mcu.externaltools.gnu-tools-for-stm32.12.3.rel1.win32_1.0.200.202406191623/tools/bin/../lib/gcc/arm-none-eabi/12.3.1/../../../../arm-none-eabi/lib/thumb/v7e-m+dp/hard\libc_nano.a(libc_a-writer.o)
                0x08009f60                _write_r
 .text.__errno  0x08009f84        0xc C:/ST/STM32CubeIDE_1.16.1/STM32CubeIDE/plugins/com.st.stm32cube.ide.mcu.externaltools.gnu-tools-for-stm32.12.3.rel1.win32_1.0.200.202406191623/tools/bin/../lib/gcc/arm-none-eabi/12.3.1/../../../../arm-none-eabi/lib/thumb/v7e-m+dp/hard\libc_nano.a(libc_a-errno.o)
                0x08009f84                __errno
 .text.__libc_init_array
                0x08009f90       0x48 C:/ST/STM32CubeIDE_1.16.1/STM32CubeIDE/plugins/com.st.stm32cube.ide.mcu.externaltools.gnu-tools-for-stm32.12.3.rel1.win32_1.0.200.202406191623/tools/bin/../lib/gcc/arm-none-eabi/12.3.1/../../../../arm-none-eabi/lib/thumb/v7e-m+dp/hard\libc_nano.a(libc_a-init.o)
                0x08009f90                __libc_init_array
 .text.__retarget_lock_init_recursive
                0x08009fd8        0x2 C:/ST/STM32CubeIDE_1.16.1/STM32CubeIDE/plugins/com.st.stm32cube.ide.mcu.externaltools.gnu-tools-for-stm32.12.3.rel1.win32_1.0.200.202406191623/tools/bin/../lib/gcc/arm-none-eabi/12.3.1/../../../../arm-none-eabi/lib/thumb/v7e-m+dp/hard\libc_nano.a(libc_a-lock.o)
                0x08009fd8                __retarget_lock_init_recursive
 .text.__retarget_lock_acquire_recursive
                0x08009fda        0x2 C:/ST/STM32CubeIDE_1.16.1/STM32CubeIDE/plugins/com.st.stm32cube.ide.mcu.externaltools.gnu-tools-for-stm32.12.3.rel1.win32_1.0.200.202406191623/tools/bin/../lib/gcc/arm-none-eabi/12.3.1/../../../../arm-none-eabi/lib/thumb/v7e-m+dp/hard\libc_nano.a(libc_a-lock.o)
                0x08009fda                __retarget_lock_acquire_recursive
 .text.__retarget_lock_release_recursive
                0x08009fdc        0x2 C:/ST/STM32CubeIDE_1.16.1/STM32CubeIDE/plugins/com.st.stm32cube.ide.mcu.externaltools.gnu-tools-for-stm32.12.3.rel1.win32_1.0.200.202406191623/tools/bin/../lib/gcc/arm-none-eabi/12.3.1/../../../../arm-none-eabi/lib/thumb/v7e-m+dp/hard\libc_nano.a(libc_a-lock.o)
                0x08009fdc                __retarget_lock_release_recursive
 .text.memcpy   0x08009fde       0x1c C:/ST/STM32CubeIDE_1.16.1/STM32CubeIDE/plugins/com.st.stm32cube.ide.mcu.externaltools.gnu-tools-for-stm32.12.3.rel1.win32_1.0.200.202406191623/tools/bin/../lib/gcc/arm-none-eabi/12.3.1/../../../../arm-none-eabi/lib/thumb/v7e-m+dp/hard\libc_nano.a(libc_a-memcpy-stub.o)
                0x08009fde                memcpy
 *fill*         0x08009ffa        0x2 
 .text.nanf     0x08009ffc        0xc C:/ST/STM32CubeIDE_1.16.1/STM32CubeIDE/plugins/com.st.stm32cube.ide.mcu.externaltools.gnu-tools-for-stm32.12.3.rel1.win32_1.0.200.202406191623/tools/bin/../lib/gcc/arm-none-eabi/12.3.1/../../../../arm-none-eabi/lib/thumb/v7e-m+dp/hard\libc_nano.a(libm_a-sf_nan.o)
                0x08009ffc                nanf
 .text.abort    0x0800a008        0xe C:/ST/STM32CubeIDE_1.16.1/STM32CubeIDE/plugins/com.st.stm32cube.ide.mcu.externaltools.gnu-tools-for-stm32.12.3.rel1.win32_1.0.200.202406191623/tools/bin/../lib/gcc/arm-none-eabi/12.3.1/../../../../arm-none-eabi/lib/thumb/v7e-m+dp/hard\libc_nano.a(libc_a-abort.o)
                0x0800a008                abort
 .text.quorem   0x0800a016      0x110 C:/ST/STM32CubeIDE_1.16.1/STM32CubeIDE/plugins/com.st.stm32cube.ide.mcu.externaltools.gnu-tools-for-stm32.12.3.rel1.win32_1.0.200.202406191623/tools/bin/../lib/gcc/arm-none-eabi/12.3.1/../../../../arm-none-eabi/lib/thumb/v7e-m+dp/hard\libc_nano.a(libc_a-dtoa.o)
 *fill*         0x0800a126        0x2 
 .text._dtoa_r  0x0800a128      0xaac C:/ST/STM32CubeIDE_1.16.1/STM32CubeIDE/plugins/com.st.stm32cube.ide.mcu.externaltools.gnu-tools-for-stm32.12.3.rel1.win32_1.0.200.202406191623/tools/bin/../lib/gcc/arm-none-eabi/12.3.1/../../../../arm-none-eabi/lib/thumb/v7e-m+dp/hard\libc_nano.a(libc_a-dtoa.o)
                0x0800a128                _dtoa_r
 .text._free_r  0x0800abd4       0x94 C:/ST/STM32CubeIDE_1.16.1/STM32CubeIDE/plugins/com.st.stm32cube.ide.mcu.externaltools.gnu-tools-for-stm32.12.3.rel1.win32_1.0.200.202406191623/tools/bin/../lib/gcc/arm-none-eabi/12.3.1/../../../../arm-none-eabi/lib/thumb/v7e-m+dp/hard\libc_nano.a(libc_a-freer.o)
                0x0800abd4                _free_r
 .text._Balloc  0x0800ac68       0x80 C:/ST/STM32CubeIDE_1.16.1/STM32CubeIDE/plugins/com.st.stm32cube.ide.mcu.externaltools.gnu-tools-for-stm32.12.3.rel1.win32_1.0.200.202406191623/tools/bin/../lib/gcc/arm-none-eabi/12.3.1/../../../../arm-none-eabi/lib/thumb/v7e-m+dp/hard\libc_nano.a(libc_a-mprec.o)
                0x0800ac68                _Balloc
 .text._Bfree   0x0800ace8       0x44 C:/ST/STM32CubeIDE_1.16.1/STM32CubeIDE/plugins/com.st.stm32cube.ide.mcu.externaltools.gnu-tools-for-stm32.12.3.rel1.win32_1.0.200.202406191623/tools/bin/../lib/gcc/arm-none-eabi/12.3.1/../../../../arm-none-eabi/lib/thumb/v7e-m+dp/hard\libc_nano.a(libc_a-mprec.o)
                0x0800ace8                _Bfree
 .text.__multadd
                0x0800ad2c       0x8c C:/ST/STM32CubeIDE_1.16.1/STM32CubeIDE/plugins/com.st.stm32cube.ide.mcu.externaltools.gnu-tools-for-stm32.12.3.rel1.win32_1.0.200.202406191623/tools/bin/../lib/gcc/arm-none-eabi/12.3.1/../../../../arm-none-eabi/lib/thumb/v7e-m+dp/hard\libc_nano.a(libc_a-mprec.o)
                0x0800ad2c                __multadd
 .text.__s2b    0x0800adb8       0x94 C:/ST/STM32CubeIDE_1.16.1/STM32CubeIDE/plugins/com.st.stm32cube.ide.mcu.externaltools.gnu-tools-for-stm32.12.3.rel1.win32_1.0.200.202406191623/tools/bin/../lib/gcc/arm-none-eabi/12.3.1/../../../../arm-none-eabi/lib/thumb/v7e-m+dp/hard\libc_nano.a(libc_a-mprec.o)
                0x0800adb8                __s2b
 .text.__hi0bits
                0x0800ae4c       0x3e C:/ST/STM32CubeIDE_1.16.1/STM32CubeIDE/plugins/com.st.stm32cube.ide.mcu.externaltools.gnu-tools-for-stm32.12.3.rel1.win32_1.0.200.202406191623/tools/bin/../lib/gcc/arm-none-eabi/12.3.1/../../../../arm-none-eabi/lib/thumb/v7e-m+dp/hard\libc_nano.a(libc_a-mprec.o)
                0x0800ae4c                __hi0bits
 .text.__lo0bits
                0x0800ae8a       0x5a C:/ST/STM32CubeIDE_1.16.1/STM32CubeIDE/plugins/com.st.stm32cube.ide.mcu.externaltools.gnu-tools-for-stm32.12.3.rel1.win32_1.0.200.202406191623/tools/bin/../lib/gcc/arm-none-eabi/12.3.1/../../../../arm-none-eabi/lib/thumb/v7e-m+dp/hard\libc_nano.a(libc_a-mprec.o)
                0x0800ae8a                __lo0bits
 .text.__i2b    0x0800aee4       0x2c C:/ST/STM32CubeIDE_1.16.1/STM32CubeIDE/plugins/com.st.stm32cube.ide.mcu.externaltools.gnu-tools-for-stm32.12.3.rel1.win32_1.0.200.202406191623/tools/bin/../lib/gcc/arm-none-eabi/12.3.1/../../../../arm-none-eabi/lib/thumb/v7e-m+dp/hard\libc_nano.a(libc_a-mprec.o)
                0x0800aee4                __i2b
 .text.__multiply
                0x0800af10      0x154 C:/ST/STM32CubeIDE_1.16.1/STM32CubeIDE/plugins/com.st.stm32cube.ide.mcu.externaltools.gnu-tools-for-stm32.12.3.rel1.win32_1.0.200.202406191623/tools/bin/../lib/gcc/arm-none-eabi/12.3.1/../../../../arm-none-eabi/lib/thumb/v7e-m+dp/hard\libc_nano.a(libc_a-mprec.o)
                0x0800af10                __multiply
 .text.__pow5mult
                0x0800b064       0xb4 C:/ST/STM32CubeIDE_1.16.1/STM32CubeIDE/plugins/com.st.stm32cube.ide.mcu.externaltools.gnu-tools-for-stm32.12.3.rel1.win32_1.0.200.202406191623/tools/bin/../lib/gcc/arm-none-eabi/12.3.1/../../../../arm-none-eabi/lib/thumb/v7e-m+dp/hard\libc_nano.a(libc_a-mprec.o)
                0x0800b064                __pow5mult
 .text.__lshift
                0x0800b118       0xd8 C:/ST/STM32CubeIDE_1.16.1/STM32CubeIDE/plugins/com.st.stm32cube.ide.mcu.externaltools.gnu-tools-for-stm32.12.3.rel1.win32_1.0.200.202406191623/tools/bin/../lib/gcc/arm-none-eabi/12.3.1/../../../../arm-none-eabi/lib/thumb/v7e-m+dp/hard\libc_nano.a(libc_a-mprec.o)
                0x0800b118                __lshift
 .text.__mcmp   0x0800b1f0       0x36 C:/ST/STM32CubeIDE_1.16.1/STM32CubeIDE/plugins/com.st.stm32cube.ide.mcu.externaltools.gnu-tools-for-stm32.12.3.rel1.win32_1.0.200.202406191623/tools/bin/../lib/gcc/arm-none-eabi/12.3.1/../../../../arm-none-eabi/lib/thumb/v7e-m+dp/hard\libc_nano.a(libc_a-mprec.o)
                0x0800b1f0                __mcmp
 *fill*         0x0800b226        0x2 
 .text.__mdiff  0x0800b228      0x128 C:/ST/STM32CubeIDE_1.16.1/STM32CubeIDE/plugins/com.st.stm32cube.ide.mcu.externaltools.gnu-tools-for-stm32.12.3.rel1.win32_1.0.200.202406191623/tools/bin/../lib/gcc/arm-none-eabi/12.3.1/../../../../arm-none-eabi/lib/thumb/v7e-m+dp/hard\libc_nano.a(libc_a-mprec.o)
                0x0800b228                __mdiff
 .text.__ulp    0x0800b350       0x4c C:/ST/STM32CubeIDE_1.16.1/STM32CubeIDE/plugins/com.st.stm32cube.ide.mcu.externaltools.gnu-tools-for-stm32.12.3.rel1.win32_1.0.200.202406191623/tools/bin/../lib/gcc/arm-none-eabi/12.3.1/../../../../arm-none-eabi/lib/thumb/v7e-m+dp/hard\libc_nano.a(libc_a-mprec.o)
                0x0800b350                __ulp
 .text.__b2d    0x0800b39c       0x94 C:/ST/STM32CubeIDE_1.16.1/STM32CubeIDE/plugins/com.st.stm32cube.ide.mcu.externaltools.gnu-tools-for-stm32.12.3.rel1.win32_1.0.200.202406191623/tools/bin/../lib/gcc/arm-none-eabi/12.3.1/../../../../arm-none-eabi/lib/thumb/v7e-m+dp/hard\libc_nano.a(libc_a-mprec.o)
                0x0800b39c                __b2d
 .text.__d2b    0x0800b430       0xb0 C:/ST/STM32CubeIDE_1.16.1/STM32CubeIDE/plugins/com.st.stm32cube.ide.mcu.externaltools.gnu-tools-for-stm32.12.3.rel1.win32_1.0.200.202406191623/tools/bin/../lib/gcc/arm-none-eabi/12.3.1/../../../../arm-none-eabi/lib/thumb/v7e-m+dp/hard\libc_nano.a(libc_a-mprec.o)
                0x0800b430                __d2b
 .text.__ratio  0x0800b4e0       0x5e C:/ST/STM32CubeIDE_1.16.1/STM32CubeIDE/plugins/com.st.stm32cube.ide.mcu.externaltools.gnu-tools-for-stm32.12.3.rel1.win32_1.0.200.202406191623/tools/bin/../lib/gcc/arm-none-eabi/12.3.1/../../../../arm-none-eabi/lib/thumb/v7e-m+dp/hard\libc_nano.a(libc_a-mprec.o)
                0x0800b4e0                __ratio
 .text.__copybits
                0x0800b53e       0x46 C:/ST/STM32CubeIDE_1.16.1/STM32CubeIDE/plugins/com.st.stm32cube.ide.mcu.externaltools.gnu-tools-for-stm32.12.3.rel1.win32_1.0.200.202406191623/tools/bin/../lib/gcc/arm-none-eabi/12.3.1/../../../../arm-none-eabi/lib/thumb/v7e-m+dp/hard\libc_nano.a(libc_a-mprec.o)
                0x0800b53e                __copybits
 .text.__any_on
                0x0800b584       0x42 C:/ST/STM32CubeIDE_1.16.1/STM32CubeIDE/plugins/com.st.stm32cube.ide.mcu.externaltools.gnu-tools-for-stm32.12.3.rel1.win32_1.0.200.202406191623/tools/bin/../lib/gcc/arm-none-eabi/12.3.1/../../../../arm-none-eabi/lib/thumb/v7e-m+dp/hard\libc_nano.a(libc_a-mprec.o)
                0x0800b584                __any_on
 .text.sulp     0x0800b5c6       0x34 C:/ST/STM32CubeIDE_1.16.1/STM32CubeIDE/plugins/com.st.stm32cube.ide.mcu.externaltools.gnu-tools-for-stm32.12.3.rel1.win32_1.0.200.202406191623/tools/bin/../lib/gcc/arm-none-eabi/12.3.1/../../../../arm-none-eabi/lib/thumb/v7e-m+dp/hard\libc_nano.a(libc_a-strtod.o)
 *fill*         0x0800b5fa        0x6 
 .text._strtod_l
                0x0800b600      0xb2c C:/ST/STM32CubeIDE_1.16.1/STM32CubeIDE/plugins/com.st.stm32cube.ide.mcu.externaltools.gnu-tools-for-stm32.12.3.rel1.win32_1.0.200.202406191623/tools/bin/../lib/gcc/arm-none-eabi/12.3.1/../../../../arm-none-eabi/lib/thumb/v7e-m+dp/hard\libc_nano.a(libc_a-strtod.o)
                0x0800b600                _strtod_l
 .text._strtod_r
                0x0800c12c        0xc C:/ST/STM32CubeIDE_1.16.1/STM32CubeIDE/plugins/com.st.stm32cube.ide.mcu.externaltools.gnu-tools-for-stm32.12.3.rel1.win32_1.0.200.202406191623/tools/bin/../lib/gcc/arm-none-eabi/12.3.1/../../../../arm-none-eabi/lib/thumb/v7e-m+dp/hard\libc_nano.a(libc_a-strtod.o)
                0x0800c12c                _strtod_r
 .text._strtol_l.constprop.0
                0x0800c138       0xf4 C:/ST/STM32CubeIDE_1.16.1/STM32CubeIDE/plugins/com.st.stm32cube.ide.mcu.externaltools.gnu-tools-for-stm32.12.3.rel1.win32_1.0.200.202406191623/tools/bin/../lib/gcc/arm-none-eabi/12.3.1/../../../../arm-none-eabi/lib/thumb/v7e-m+dp/hard\libc_nano.a(libc_a-strtol.o)
 .text._strtol_r
                0x0800c22c        0x4 C:/ST/STM32CubeIDE_1.16.1/STM32CubeIDE/plugins/com.st.stm32cube.ide.mcu.externaltools.gnu-tools-for-stm32.12.3.rel1.win32_1.0.200.202406191623/tools/bin/../lib/gcc/arm-none-eabi/12.3.1/../../../../arm-none-eabi/lib/thumb/v7e-m+dp/hard\libc_nano.a(libc_a-strtol.o)
                0x0800c22c                _strtol_r
 .text.__ssputs_r
                0x0800c230       0xb6 C:/ST/STM32CubeIDE_1.16.1/STM32CubeIDE/plugins/com.st.stm32cube.ide.mcu.externaltools.gnu-tools-for-stm32.12.3.rel1.win32_1.0.200.202406191623/tools/bin/../lib/gcc/arm-none-eabi/12.3.1/../../../../arm-none-eabi/lib/thumb/v7e-m+dp/hard\libc_nano.a(libc_a-nano-svfprintf.o)
                0x0800c230                __ssputs_r
 *fill*         0x0800c2e6        0x2 
 .text._svfprintf_r
                0x0800c2e8      0x1f8 C:/ST/STM32CubeIDE_1.16.1/STM32CubeIDE/plugins/com.st.stm32cube.ide.mcu.externaltools.gnu-tools-for-stm32.12.3.rel1.win32_1.0.200.202406191623/tools/bin/../lib/gcc/arm-none-eabi/12.3.1/../../../../arm-none-eabi/lib/thumb/v7e-m+dp/hard\libc_nano.a(libc_a-nano-svfprintf.o)
                0x0800c2e8                _svfiprintf_r
                0x0800c2e8                _svfprintf_r
 .text.__sfputc_r
                0x0800c4e0       0x2e C:/ST/STM32CubeIDE_1.16.1/STM32CubeIDE/plugins/com.st.stm32cube.ide.mcu.externaltools.gnu-tools-for-stm32.12.3.rel1.win32_1.0.200.202406191623/tools/bin/../lib/gcc/arm-none-eabi/12.3.1/../../../../arm-none-eabi/lib/thumb/v7e-m+dp/hard\libc_nano.a(libc_a-nano-vfprintf.o)
 .text.__sfputs_r
                0x0800c50e       0x24 C:/ST/STM32CubeIDE_1.16.1/STM32CubeIDE/plugins/com.st.stm32cube.ide.mcu.externaltools.gnu-tools-for-stm32.12.3.rel1.win32_1.0.200.202406191623/tools/bin/../lib/gcc/arm-none-eabi/12.3.1/../../../../arm-none-eabi/lib/thumb/v7e-m+dp/hard\libc_nano.a(libc_a-nano-vfprintf.o)
                0x0800c50e                __sfputs_r
 *fill*         0x0800c532        0x2 
 .text._vfprintf_r
                0x0800c534      0x230 C:/ST/STM32CubeIDE_1.16.1/STM32CubeIDE/plugins/com.st.stm32cube.ide.mcu.externaltools.gnu-tools-for-stm32.12.3.rel1.win32_1.0.200.202406191623/tools/bin/../lib/gcc/arm-none-eabi/12.3.1/../../../../arm-none-eabi/lib/thumb/v7e-m+dp/hard\libc_nano.a(libc_a-nano-vfprintf.o)
                0x0800c534                _vfprintf_r
                0x0800c534                _vfiprintf_r
 .text.__sflush_r
                0x0800c764      0x108 C:/ST/STM32CubeIDE_1.16.1/STM32CubeIDE/plugins/com.st.stm32cube.ide.mcu.externaltools.gnu-tools-for-stm32.12.3.rel1.win32_1.0.200.202406191623/tools/bin/../lib/gcc/arm-none-eabi/12.3.1/../../../../arm-none-eabi/lib/thumb/v7e-m+dp/hard\libc_nano.a(libc_a-fflush.o)
                0x0800c764                __sflush_r
 .text._fflush_r
                0x0800c86c       0x50 C:/ST/STM32CubeIDE_1.16.1/STM32CubeIDE/plugins/com.st.stm32cube.ide.mcu.externaltools.gnu-tools-for-stm32.12.3.rel1.win32_1.0.200.202406191623/tools/bin/../lib/gcc/arm-none-eabi/12.3.1/../../../../arm-none-eabi/lib/thumb/v7e-m+dp/hard\libc_nano.a(libc_a-fflush.o)
                0x0800c86c                _fflush_r
 .text.__swbuf_r
                0x0800c8bc       0x7c C:/ST/STM32CubeIDE_1.16.1/STM32CubeIDE/plugins/com.st.stm32cube.ide.mcu.externaltools.gnu-tools-for-stm32.12.3.rel1.win32_1.0.200.202406191623/tools/bin/../lib/gcc/arm-none-eabi/12.3.1/../../../../arm-none-eabi/lib/thumb/v7e-m+dp/hard\libc_nano.a(libc_a-wbuf.o)
                0x0800c8bc                __swbuf_r
 .text.__swsetup_r
                0x0800c938       0xac C:/ST/STM32CubeIDE_1.16.1/STM32CubeIDE/plugins/com.st.stm32cube.ide.mcu.externaltools.gnu-tools-for-stm32.12.3.rel1.win32_1.0.200.202406191623/tools/bin/../lib/gcc/arm-none-eabi/12.3.1/../../../../arm-none-eabi/lib/thumb/v7e-m+dp/hard\libc_nano.a(libc_a-wsetup.o)
                0x0800c938                __swsetup_r
 .text.memmove  0x0800c9e4       0x34 C:/ST/STM32CubeIDE_1.16.1/STM32CubeIDE/plugins/com.st.stm32cube.ide.mcu.externaltools.gnu-tools-for-stm32.12.3.rel1.win32_1.0.200.202406191623/tools/bin/../lib/gcc/arm-none-eabi/12.3.1/../../../../arm-none-eabi/lib/thumb/v7e-m+dp/hard\libc_nano.a(libc_a-memmove.o)
                0x0800c9e4                memmove
 .text._raise_r
                0x0800ca18       0x50 C:/ST/STM32CubeIDE_1.16.1/STM32CubeIDE/plugins/com.st.stm32cube.ide.mcu.externaltools.gnu-tools-for-stm32.12.3.rel1.win32_1.0.200.202406191623/tools/bin/../lib/gcc/arm-none-eabi/12.3.1/../../../../arm-none-eabi/lib/thumb/v7e-m+dp/hard\libc_nano.a(libc_a-signal.o)
                0x0800ca18                _raise_r
 .text.raise    0x0800ca68       0x10 C:/ST/STM32CubeIDE_1.16.1/STM32CubeIDE/plugins/com.st.stm32cube.ide.mcu.externaltools.gnu-tools-for-stm32.12.3.rel1.win32_1.0.200.202406191623/tools/bin/../lib/gcc/arm-none-eabi/12.3.1/../../../../arm-none-eabi/lib/thumb/v7e-m+dp/hard\libc_nano.a(libc_a-signal.o)
                0x0800ca68                raise
 .text._kill_r  0x0800ca78       0x24 C:/ST/STM32CubeIDE_1.16.1/STM32CubeIDE/plugins/com.st.stm32cube.ide.mcu.externaltools.gnu-tools-for-stm32.12.3.rel1.win32_1.0.200.202406191623/tools/bin/../lib/gcc/arm-none-eabi/12.3.1/../../../../arm-none-eabi/lib/thumb/v7e-m+dp/hard\libc_nano.a(libc_a-signalr.o)
                0x0800ca78                _kill_r
 .text._getpid_r
                0x0800ca9c        0x4 C:/ST/STM32CubeIDE_1.16.1/STM32CubeIDE/plugins/com.st.stm32cube.ide.mcu.externaltools.gnu-tools-for-stm32.12.3.rel1.win32_1.0.200.202406191623/tools/bin/../lib/gcc/arm-none-eabi/12.3.1/../../../../arm-none-eabi/lib/thumb/v7e-m+dp/hard\libc_nano.a(libc_a-signalr.o)
                0x0800ca9c                _getpid_r