../../Middlewares/Third_Party/OpenAMP/open-amp/lib/include/openamp/rpmsg.h:147:19:rpmsg_send	32	static
../Core/Src/main.c:130:6:HAL_FDCAN_RxFifo0Callback	16	static
../Core/Src/main.c:186:12:rpmsg_recv_callback	32	static
../Core/Src/main.c:208:5:main	16	static
../Core/Src/main.c:325:13:MX_ADC1_Init	48	static
../Core/Src/main.c:398:13:MX_FDCAN1_Init	40	static
../Core/Src/main.c:466:13:MX_USART3_UART_Init	8	static
../Core/Src/main.c:514:13:MX_GPIO_Init	48	static
../Core/Src/main.c:551:6:HAL_UARTEx_RxEventCallback	24	static,ignoring_inline_asm
../Core/Src/main.c:563:11:parseCSV	32	static
../Core/Src/main.c:589:6:StartDefaultTask	32	static
../Core/Src/main.c:621:6:startTxTask	24	static
../Core/Src/main.c:669:6:startReadSensor	24	static
../Core/Src/main.c:704:6:startSendCAN	48	static
../Core/Src/main.c:737:6:startCanTest	80	static
../Core/Src/main.c:838:6:HAL_TIM_PeriodElapsedCallback	16	static
../Core/Src/main.c:855:6:Error_Handler	4	static,ignoring_inline_asm
