../../Middlewares/Third_Party/OpenAMP/open-amp/lib/include/openamp/rpmsg.h:147:19:rpmsg_send	32	static
../Core/Src/main.c:134:6:HAL_FDCAN_RxFifo0Callback	16	static
../Core/Src/main.c:185:12:rpmsg_recv_callback	32	static
../Core/Src/main.c:207:5:main	16	static
../Core/Src/main.c:324:6:PeriphCommonClock_Config	200	static
../Core/Src/main.c:351:13:MX_ADC1_Init	48	static
../Core/Src/main.c:424:13:MX_ADC2_Init	40	static
../Core/Src/main.c:488:13:MX_FDCAN1_Init	40	static
../Core/Src/main.c:554:13:MX_USART3_UART_Init	8	static
../Core/Src/main.c:602:13:MX_GPIO_Init	48	static
../Core/Src/main.c:639:6:HAL_UARTEx_RxEventCallback	24	static,ignoring_inline_asm
../Core/Src/main.c:649:11:parseCSV	32	static
../Core/Src/main.c:675:6:StartDefaultTask	32	static
../Core/Src/main.c:709:6:startTxTask	24	static
../Core/Src/main.c:764:6:startReadSensor	24	static
../Core/Src/main.c:800:6:startSendCAN	48	static
../Core/Src/main.c:833:6:startCanTest	88	static
../Core/Src/main.c:950:6:HAL_TIM_PeriodElapsedCallback	16	static
../Core/Src/main.c:967:6:Error_Handler	4	static,ignoring_inline_asm
